2026-09-09 09:32:45 [INF] Consumer application started
2026-09-09 09:32:46 [INF] Elasticsearch index field-reports is ready
2026-09-09 09:32:46 [INF] Consumer is listening to topic field-reports
2026-09-09 09:34:02 [INF] Consumer stopped
2026-09-09 09:34:02 [INF] Consumer application finished
2026-09-09 09:37:07 [INF] Consumer application started
2026-09-09 09:37:07 [INF] Elasticsearch index field-reports is ready
2026-09-09 09:37:07 [INF] Consumer is listening to topic field-reports
2026-09-09 09:38:50 [INF] Consumer stopped
2026-09-09 09:38:50 [INF] Consumer application finished
2026-09-09 09:39:00 [INF] Consumer application started
2026-09-09 09:39:00 [INF] Elasticsearch index field-reports is ready
2026-09-09 09:39:00 [INF] Consumer is listening to topic field-reports
2026-09-09 09:42:36 [WRN] Report REP-0401 rejected: message is missing
2026-09-09 09:42:36 [WRN] Report REP-0402 rejected: unit is missing
2026-09-09 09:42:36 [WRN] Report REP-0403 rejected: sourceType is missing
2026-09-09 09:42:36 [WRN] Report REP-0404 rejected: message is missing
2026-09-09 09:42:36 [WRN] Report REP-0405 rejected: theater is missing
2026-09-09 09:42:36 [WRN] Report rejected because the JSON is invalid: The JSON value could not be converted to System.Nullable`1[Consumer.Models.ReportType]. Path: $.reportType | LineNumber: 0 | BytePositionInLine: 188.
2026-09-09 09:42:36 [WRN] Report rejected because the JSON is invalid: The JSON value could not be converted to System.Nullable`1[System.DateTimeOffset]. Path: $.timestamp | LineNumber: 0 | BytePositionInLine: 36.
2026-09-09 09:42:36 [WRN] Report rejected because the JSON is invalid: The JSON value could not be converted to System.Nullable`1[System.DateTimeOffset]. Path: $.timestamp | LineNumber: 0 | BytePositionInLine: 33.
2026-09-09 09:42:36 [WRN] Report rejected because the JSON is invalid: The JSON value could not be converted to System.Nullable`1[Consumer.Models.ReportPriority]. Path: $.priority | LineNumber: 0 | BytePositionInLine: 212.
2026-09-09 09:42:36 [WRN] Report REP-0410 rejected: priority 'HIGH' is not allowed
2026-09-09 09:42:36 [WRN] Report rejected because the JSON is invalid: The JSON value could not be converted to System.Nullable`1[Consumer.Models.ReportType]. Path: $.reportType | LineNumber: 0 | BytePositionInLine: 194.
2026-09-09 09:42:36 [WRN] Report rejected because the JSON is invalid: The JSON value could not be converted to System.Nullable`1[Consumer.Models.ReportType]. Path: $.reportType | LineNumber: 0 | BytePositionInLine: 190.
2026-09-09 09:42:36 [WRN] Report REP-0415 rejected: subjectId and subjectType must appear together
2026-09-09 09:42:36 [WRN] Report REP-0416 rejected: subjectId and subjectType must appear together
2026-09-09 09:42:36 [WRN] Report REP-0417 rejected: subjectId and subjectType must appear together
2026-09-09 09:42:36 [WRN] Report REP-0418 rejected: subjectId and subjectType must appear together
2026-09-09 09:42:36 [WRN] Duplicate report rejected: REP-0001
2026-09-09 09:42:36 [WRN] Duplicate report rejected: REP-0002
2026-09-09 09:42:36 [WRN] Duplicate report rejected: REP-0003
2026-09-09 09:42:36 [WRN] Duplicate report rejected: REP-0004
2026-09-09 09:42:36 [WRN] Duplicate report rejected: REP-0005
2026-09-09 09:42:37 [WRN] Duplicate report rejected: REP-0006
2026-09-09 09:42:37 [WRN] Duplicate report rejected: REP-0007
2026-09-09 09:42:37 [WRN] Duplicate report rejected: REP-0008
2026-09-09 09:42:37 [WRN] Duplicate report rejected: REP-0009
2026-09-09 09:42:37 [WRN] Duplicate report rejected: REP-0010
2026-09-09 09:42:37 [WRN] Duplicate report rejected: REP-0011
2026-09-09 09:42:37 [WRN] Duplicate report rejected: REP-0012
2026-09-09 09:42:37 [WRN] Duplicate report rejected: REP-0013
2026-09-09 09:42:37 [WRN] Duplicate report rejected: REP-0014
2026-09-09 09:42:37 [WRN] Duplicate report rejected: REP-0015
2026-09-09 09:42:37 [WRN] Duplicate report rejected: REP-0016
2026-09-09 09:42:37 [WRN] Duplicate report rejected: REP-0017
2026-09-09 09:42:37 [WRN] Duplicate report rejected: REP-0018
2026-09-09 09:42:37 [WRN] Duplicate report rejected: REP-0019
2026-09-09 09:42:37 [WRN] Duplicate report rejected: REP-0020
2026-09-09 09:42:37 [WRN] Duplicate report rejected: REP-0021
2026-09-09 09:42:37 [WRN] Duplicate report rejected: REP-0022
2026-09-09 09:42:37 [WRN] Duplicate report rejected: REP-0023
2026-09-09 09:42:37 [WRN] Duplicate report rejected: REP-0024
2026-09-09 09:42:37 [WRN] Duplicate report rejected: REP-0025
2026-09-09 09:42:37 [WRN] Duplicate report rejected: REP-0026
2026-09-09 09:42:37 [WRN] Duplicate report rejected: REP-0027
2026-09-09 09:42:37 [WRN] Duplicate report rejected: REP-0028
2026-09-09 09:42:37 [WRN] Duplicate report rejected: REP-0029
2026-09-09 09:42:37 [WRN] Duplicate report rejected: REP-0030
2026-09-09 09:42:37 [WRN] Duplicate report rejected: REP-0031
2026-09-09 09:42:37 [WRN] Duplicate report rejected: REP-0032
2026-09-09 09:42:37 [WRN] Duplicate report rejected: REP-0033
2026-09-09 09:42:37 [WRN] Duplicate report rejected: REP-0034
2026-09-09 09:42:37 [WRN] Duplicate report rejected: REP-0035
2026-09-09 09:42:37 [WRN] Duplicate report rejected: REP-0036
2026-09-09 09:42:37 [WRN] Duplicate report rejected: REP-0037
2026-09-09 09:42:37 [WRN] Duplicate report rejected: REP-0038
2026-09-09 09:42:37 [WRN] Duplicate report rejected: REP-0039
2026-09-09 09:42:37 [WRN] Duplicate report rejected: REP-0040
2026-09-09 09:42:37 [WRN] Duplicate report rejected: REP-0041
2026-09-09 09:42:37 [WRN] Duplicate report rejected: REP-0042
2026-09-09 09:42:37 [WRN] Duplicate report rejected: REP-0043
2026-09-09 09:42:37 [WRN] Duplicate report rejected: REP-0044
2026-09-09 09:42:37 [WRN] Duplicate report rejected: REP-0045
2026-09-09 09:42:37 [WRN] Duplicate report rejected: REP-0046
2026-09-09 09:42:37 [WRN] Duplicate report rejected: REP-0047
2026-09-09 09:42:37 [WRN] Duplicate report rejected: REP-0048
2026-09-09 09:42:37 [WRN] Duplicate report rejected: REP-0049
2026-09-09 09:42:37 [WRN] Duplicate report rejected: REP-0050
2026-09-09 09:42:37 [WRN] Duplicate report rejected: REP-0051
2026-09-09 09:42:37 [WRN] Duplicate report rejected: REP-0052
2026-09-09 09:42:37 [WRN] Duplicate report rejected: REP-0053
2026-09-09 09:42:37 [WRN] Duplicate report rejected: REP-0054
2026-09-09 09:42:37 [WRN] Duplicate report rejected: REP-0055
2026-09-09 09:42:37 [WRN] Duplicate report rejected: REP-0056
2026-09-09 09:42:37 [WRN] Duplicate report rejected: REP-0057
2026-09-09 09:42:37 [WRN] Duplicate report rejected: REP-0058
2026-09-09 09:42:37 [WRN] Duplicate report rejected: REP-0059
2026-09-09 09:42:37 [WRN] Duplicate report rejected: REP-0060
2026-09-09 09:42:37 [WRN] Duplicate report rejected: REP-0061
2026-09-09 09:42:37 [WRN] Duplicate report rejected: REP-0062
2026-09-09 09:42:37 [WRN] Duplicate report rejected: REP-0063
2026-09-09 09:42:37 [WRN] Duplicate report rejected: REP-0064
2026-09-09 09:42:37 [WRN] Duplicate report rejected: REP-0065
2026-09-09 09:42:37 [WRN] Duplicate report rejected: REP-0066
2026-09-09 09:42:37 [WRN] Duplicate report rejected: REP-0067
2026-09-09 09:42:37 [WRN] Duplicate report rejected: REP-0068
2026-09-09 09:42:37 [WRN] Duplicate report rejected: REP-0069
2026-09-09 09:42:37 [WRN] Duplicate report rejected: REP-0070
2026-09-09 09:42:37 [WRN] Duplicate report rejected: REP-0071
2026-09-09 09:42:37 [WRN] Duplicate report rejected: REP-0072
2026-09-09 09:42:37 [WRN] Duplicate report rejected: REP-0073
2026-09-09 09:42:37 [WRN] Duplicate report rejected: REP-0074
2026-09-09 09:42:37 [WRN] Duplicate report rejected: REP-0075
2026-09-09 09:42:37 [WRN] Duplicate report rejected: REP-0076
2026-09-09 09:42:37 [WRN] Duplicate report rejected: REP-0077
2026-09-09 09:42:37 [WRN] Duplicate report rejected: REP-0078
2026-09-09 09:42:37 [WRN] Duplicate report rejected: REP-0079
2026-09-09 09:42:37 [WRN] Duplicate report rejected: REP-0080
2026-09-09 09:42:37 [WRN] Duplicate report rejected: REP-0081
2026-09-09 09:42:37 [WRN] Duplicate report rejected: REP-0082
2026-09-09 09:42:37 [WRN] Duplicate report rejected: REP-0083
2026-09-09 09:42:37 [WRN] Duplicate report rejected: REP-0084
2026-09-09 09:42:37 [WRN] Duplicate report rejected: REP-0085
2026-09-09 09:42:37 [WRN] Duplicate report rejected: REP-0086
2026-09-09 09:42:37 [WRN] Duplicate report rejected: REP-0087
2026-09-09 09:42:37 [WRN] Duplicate report rejected: REP-0088
2026-09-09 09:42:37 [WRN] Duplicate report rejected: REP-0089
2026-09-09 09:42:37 [WRN] Duplicate report rejected: REP-0090
2026-09-09 09:42:37 [WRN] Duplicate report rejected: REP-0091
2026-09-09 09:42:37 [WRN] Duplicate report rejected: REP-0092
2026-09-09 09:42:38 [WRN] Duplicate report rejected: REP-0093
2026-09-09 09:42:38 [WRN] Duplicate report rejected: REP-0094
2026-09-09 09:42:38 [WRN] Duplicate report rejected: REP-0095
2026-09-09 09:42:38 [WRN] Duplicate report rejected: REP-0096
2026-09-09 09:42:38 [WRN] Duplicate report rejected: REP-0097
2026-09-09 09:42:38 [WRN] Duplicate report rejected: REP-0098
2026-09-09 09:42:38 [WRN] Duplicate report rejected: REP-0099
2026-09-09 09:42:38 [WRN] Duplicate report rejected: REP-0100
2026-09-09 09:42:38 [WRN] Duplicate report rejected: REP-0101
2026-09-09 09:42:38 [WRN] Duplicate report rejected: REP-0102
2026-09-09 09:42:38 [WRN] Duplicate report rejected: REP-0103
2026-09-09 09:42:38 [WRN] Duplicate report rejected: REP-0104
2026-09-09 09:42:38 [WRN] Duplicate report rejected: REP-0105
2026-09-09 09:42:38 [WRN] Duplicate report rejected: REP-0106
2026-09-09 09:42:38 [WRN] Duplicate report rejected: REP-0107
2026-09-09 09:42:38 [WRN] Duplicate report rejected: REP-0108
2026-09-09 09:42:38 [WRN] Duplicate report rejected: REP-0109
2026-09-09 09:42:38 [WRN] Duplicate report rejected: REP-0110
2026-09-09 09:42:38 [WRN] Duplicate report rejected: REP-0111
2026-09-09 09:42:38 [WRN] Duplicate report rejected: REP-0112
2026-09-09 09:42:38 [WRN] Duplicate report rejected: REP-0113
2026-09-09 09:42:38 [WRN] Duplicate report rejected: REP-0114
2026-09-09 09:42:38 [WRN] Duplicate report rejected: REP-0115
2026-09-09 09:42:38 [WRN] Duplicate report rejected: REP-0116
2026-09-09 09:42:38 [WRN] Duplicate report rejected: REP-0117
2026-09-09 09:42:38 [WRN] Duplicate report rejected: REP-0118
2026-09-09 09:42:38 [WRN] Duplicate report rejected: REP-0119
2026-09-09 09:42:38 [WRN] Duplicate report rejected: REP-0120
2026-09-09 09:42:38 [WRN] Duplicate report rejected: REP-0121
2026-09-09 09:42:38 [WRN] Duplicate report rejected: REP-0122
2026-09-09 09:42:38 [WRN] Duplicate report rejected: REP-0123
2026-09-09 09:42:38 [WRN] Duplicate report rejected: REP-0124
2026-09-09 09:42:38 [WRN] Duplicate report rejected: REP-0125
2026-09-09 09:42:38 [WRN] Duplicate report rejected: REP-0126
2026-09-09 09:42:38 [WRN] Duplicate report rejected: REP-0127
2026-09-09 09:42:38 [WRN] Duplicate report rejected: REP-0128
2026-09-09 09:42:38 [WRN] Duplicate report rejected: REP-0129
2026-09-09 09:42:38 [WRN] Duplicate report rejected: REP-0130
2026-09-09 09:42:38 [WRN] Duplicate report rejected: REP-0131
2026-09-09 09:42:38 [WRN] Duplicate report rejected: REP-0132
2026-09-09 09:42:38 [WRN] Duplicate report rejected: REP-0133
2026-09-09 09:42:38 [WRN] Duplicate report rejected: REP-0134
2026-09-09 09:42:38 [WRN] Duplicate report rejected: REP-0135
2026-09-09 09:42:38 [WRN] Duplicate report rejected: REP-0136
2026-09-09 09:42:38 [WRN] Duplicate report rejected: REP-0137
2026-09-09 09:42:38 [WRN] Duplicate report rejected: REP-0138
2026-09-09 09:42:38 [WRN] Duplicate report rejected: REP-0139
2026-09-09 09:42:38 [WRN] Duplicate report rejected: REP-0140
2026-09-09 09:42:38 [WRN] Duplicate report rejected: REP-0141
2026-09-09 09:42:38 [WRN] Duplicate report rejected: REP-0142
2026-09-09 09:42:38 [WRN] Duplicate report rejected: REP-0143
2026-09-09 09:42:38 [WRN] Duplicate report rejected: REP-0144
2026-09-09 09:42:38 [WRN] Duplicate report rejected: REP-0145
2026-09-09 09:42:38 [WRN] Duplicate report rejected: REP-0146
2026-09-09 09:42:38 [WRN] Duplicate report rejected: REP-0147
2026-09-09 09:42:38 [WRN] Duplicate report rejected: REP-0148
2026-09-09 09:42:38 [WRN] Duplicate report rejected: REP-0149
2026-09-09 09:42:38 [WRN] Duplicate report rejected: REP-0150
2026-09-09 09:42:38 [WRN] Duplicate report rejected: REP-0151
2026-09-09 09:42:38 [WRN] Duplicate report rejected: REP-0152
2026-09-09 09:42:38 [WRN] Duplicate report rejected: REP-0153
2026-09-09 09:42:38 [WRN] Duplicate report rejected: REP-0154
2026-09-09 09:42:38 [WRN] Duplicate report rejected: REP-0155
2026-09-09 09:42:38 [WRN] Duplicate report rejected: REP-0156
2026-09-09 09:42:38 [WRN] Duplicate report rejected: REP-0157
2026-09-09 09:42:38 [WRN] Duplicate report rejected: REP-0158
2026-09-09 09:42:38 [WRN] Duplicate report rejected: REP-0159
2026-09-09 09:42:38 [WRN] Duplicate report rejected: REP-0160
2026-09-09 09:42:38 [WRN] Duplicate report rejected: REP-0161
2026-09-09 09:42:38 [WRN] Duplicate report rejected: REP-0162
2026-09-09 09:42:38 [WRN] Duplicate report rejected: REP-0163
2026-09-09 09:42:38 [WRN] Duplicate report rejected: REP-0164
2026-09-09 09:42:38 [WRN] Duplicate report rejected: REP-0165
2026-09-09 09:42:38 [WRN] Duplicate report rejected: REP-0166
2026-09-09 09:42:38 [WRN] Duplicate report rejected: REP-0167
2026-09-09 09:42:38 [WRN] Duplicate report rejected: REP-0168
2026-09-09 09:42:38 [WRN] Duplicate report rejected: REP-0169
2026-09-09 09:42:38 [WRN] Duplicate report rejected: REP-0170
2026-09-09 09:42:38 [WRN] Duplicate report rejected: REP-0171
2026-09-09 09:42:38 [WRN] Duplicate report rejected: REP-0172
2026-09-09 09:42:38 [WRN] Duplicate report rejected: REP-0173
2026-09-09 09:42:38 [WRN] Duplicate report rejected: REP-0174
2026-09-09 09:42:38 [WRN] Duplicate report rejected: REP-0175
2026-09-09 09:42:39 [WRN] Duplicate report rejected: REP-0176
2026-09-09 09:42:39 [WRN] Duplicate report rejected: REP-0177
2026-09-09 09:42:39 [WRN] Duplicate report rejected: REP-0178
2026-09-09 09:42:39 [WRN] Duplicate report rejected: REP-0179
2026-09-09 09:42:39 [WRN] Duplicate report rejected: REP-0180
2026-09-09 09:42:39 [WRN] Duplicate report rejected: REP-0181
2026-09-09 09:42:39 [WRN] Duplicate report rejected: REP-0182
2026-09-09 09:42:39 [WRN] Duplicate report rejected: REP-0183
2026-09-09 09:42:39 [WRN] Duplicate report rejected: REP-0184
2026-09-09 09:42:39 [WRN] Duplicate report rejected: REP-0185
2026-09-09 09:42:39 [WRN] Duplicate report rejected: REP-0186
2026-09-09 09:42:39 [WRN] Duplicate report rejected: REP-0187
2026-09-09 09:42:39 [WRN] Duplicate report rejected: REP-0188
2026-09-09 09:42:39 [WRN] Duplicate report rejected: REP-0189
2026-09-09 09:42:39 [WRN] Duplicate report rejected: REP-0190
2026-09-09 09:42:39 [WRN] Duplicate report rejected: REP-0191
2026-09-09 09:42:39 [WRN] Duplicate report rejected: REP-0192
2026-09-09 09:42:39 [WRN] Duplicate report rejected: REP-0193
2026-09-09 09:42:39 [WRN] Duplicate report rejected: REP-0194
2026-09-09 09:42:39 [WRN] Duplicate report rejected: REP-0195
2026-09-09 09:42:39 [WRN] Duplicate report rejected: REP-0196
2026-09-09 09:42:39 [WRN] Duplicate report rejected: REP-0197
2026-09-09 09:42:39 [WRN] Duplicate report rejected: REP-0198
2026-09-09 09:42:39 [WRN] Duplicate report rejected: REP-0199
2026-09-09 09:42:39 [WRN] Duplicate report rejected: REP-0200
2026-09-09 09:42:39 [WRN] Duplicate report rejected: REP-0201
2026-09-09 09:42:39 [WRN] Duplicate report rejected: REP-0202
2026-09-09 09:42:39 [WRN] Duplicate report rejected: REP-0203
2026-09-09 09:42:39 [WRN] Duplicate report rejected: REP-0204
2026-09-09 09:42:39 [WRN] Duplicate report rejected: REP-0205
2026-09-09 09:42:39 [WRN] Duplicate report rejected: REP-0206
2026-09-09 09:42:39 [WRN] Duplicate report rejected: REP-0207
2026-09-09 09:42:39 [WRN] Duplicate report rejected: REP-0208
2026-09-09 09:42:39 [WRN] Duplicate report rejected: REP-0209
2026-09-09 09:42:39 [WRN] Duplicate report rejected: REP-0210
2026-09-09 09:42:39 [WRN] Duplicate report rejected: REP-0211
2026-09-09 09:42:39 [WRN] Duplicate report rejected: REP-0212
2026-09-09 09:42:39 [WRN] Duplicate report rejected: REP-0213
2026-09-09 09:42:40 [WRN] Duplicate report rejected: REP-0214
2026-09-09 09:42:40 [WRN] Duplicate report rejected: REP-0215
2026-09-09 09:42:40 [WRN] Duplicate report rejected: REP-0216
2026-09-09 09:42:40 [WRN] Duplicate report rejected: REP-0217
2026-09-09 09:42:40 [WRN] Duplicate report rejected: REP-0218
2026-09-09 09:42:40 [WRN] Duplicate report rejected: REP-0219
2026-09-09 09:42:40 [WRN] Duplicate report rejected: REP-0220
2026-09-09 09:42:40 [WRN] Duplicate report rejected: REP-0221
2026-09-09 09:42:40 [WRN] Duplicate report rejected: REP-0222
2026-09-09 09:42:40 [WRN] Duplicate report rejected: REP-0223
2026-09-09 09:42:40 [WRN] Duplicate report rejected: REP-0224
2026-09-09 09:42:40 [WRN] Duplicate report rejected: REP-0225
2026-09-09 09:42:40 [WRN] Duplicate report rejected: REP-0226
2026-09-09 09:42:40 [WRN] Duplicate report rejected: REP-0227
2026-09-09 09:42:40 [WRN] Duplicate report rejected: REP-0228
2026-09-09 09:42:40 [WRN] Duplicate report rejected: REP-0229
2026-09-09 09:42:40 [WRN] Duplicate report rejected: REP-0230
2026-09-09 09:42:40 [WRN] Duplicate report rejected: REP-0231
2026-09-09 09:42:40 [WRN] Duplicate report rejected: REP-0232
2026-09-09 09:42:40 [WRN] Duplicate report rejected: REP-0233
2026-09-09 09:42:40 [WRN] Duplicate report rejected: REP-0234
2026-09-09 09:42:40 [WRN] Duplicate report rejected: REP-0235
2026-09-09 09:42:40 [WRN] Duplicate report rejected: REP-0236
2026-09-09 09:42:40 [WRN] Duplicate report rejected: REP-0237
2026-09-09 09:42:40 [WRN] Duplicate report rejected: REP-0238
2026-09-09 09:42:40 [WRN] Duplicate report rejected: REP-0239
2026-09-09 09:42:40 [WRN] Duplicate report rejected: REP-0240
2026-09-09 09:42:40 [WRN] Duplicate report rejected: REP-0241
2026-09-09 09:42:40 [WRN] Duplicate report rejected: REP-0242
2026-09-09 09:42:40 [WRN] Duplicate report rejected: REP-0243
2026-09-09 09:42:40 [WRN] Duplicate report rejected: REP-0244
2026-09-09 09:42:40 [WRN] Duplicate report rejected: REP-0245
2026-09-09 09:42:40 [WRN] Duplicate report rejected: REP-0246
2026-09-09 09:42:40 [WRN] Duplicate report rejected: REP-0247
2026-09-09 09:42:40 [WRN] Duplicate report rejected: REP-0248
2026-09-09 09:42:40 [WRN] Duplicate report rejected: REP-0249
2026-09-09 09:42:40 [WRN] Duplicate report rejected: REP-0250
2026-09-09 09:42:40 [WRN] Duplicate report rejected: REP-0251
2026-09-09 09:42:40 [WRN] Duplicate report rejected: REP-0252
2026-09-09 09:42:40 [WRN] Duplicate report rejected: REP-0253
2026-09-09 09:42:40 [WRN] Duplicate report rejected: REP-0254
2026-09-09 09:42:40 [WRN] Duplicate report rejected: REP-0255
2026-09-09 09:42:40 [WRN] Duplicate report rejected: REP-0256
2026-09-09 09:42:40 [WRN] Duplicate report rejected: REP-0257
2026-09-09 09:42:40 [WRN] Duplicate report rejected: REP-0258
2026-09-09 09:42:40 [WRN] Duplicate report rejected: REP-0259
2026-09-09 09:42:40 [WRN] Duplicate report rejected: REP-0260
2026-09-09 09:42:40 [WRN] Duplicate report rejected: REP-0261
2026-09-09 09:42:40 [WRN] Duplicate report rejected: REP-0262
2026-09-09 09:42:40 [WRN] Duplicate report rejected: REP-0263
2026-09-09 09:42:40 [WRN] Duplicate report rejected: REP-0264
2026-09-09 09:42:40 [WRN] Duplicate report rejected: REP-0265
2026-09-09 09:42:40 [WRN] Duplicate report rejected: REP-0266
2026-09-09 09:42:40 [WRN] Duplicate report rejected: REP-0267
2026-09-09 09:42:40 [WRN] Duplicate report rejected: REP-0268
2026-09-09 09:42:40 [WRN] Duplicate report rejected: REP-0269
2026-09-09 09:42:40 [WRN] Duplicate report rejected: REP-0270
2026-09-09 09:42:40 [WRN] Duplicate report rejected: REP-0271
2026-09-09 09:42:40 [WRN] Duplicate report rejected: REP-0272
2026-09-09 09:42:40 [WRN] Duplicate report rejected: REP-0273
2026-09-09 09:42:40 [WRN] Duplicate report rejected: REP-0274
2026-09-09 09:42:40 [WRN] Duplicate report rejected: REP-0275
2026-09-09 09:42:40 [WRN] Duplicate report rejected: REP-0276
2026-09-09 09:42:40 [WRN] Duplicate report rejected: REP-0277
2026-09-09 09:42:40 [WRN] Duplicate report rejected: REP-0278
2026-09-09 09:42:40 [WRN] Duplicate report rejected: REP-0279
2026-09-09 09:42:40 [WRN] Duplicate report rejected: REP-0280
2026-09-09 09:42:40 [WRN] Duplicate report rejected: REP-0281
2026-09-09 09:42:40 [WRN] Duplicate report rejected: REP-0282
2026-09-09 09:42:40 [WRN] Duplicate report rejected: REP-0283
2026-09-09 09:42:41 [WRN] Duplicate report rejected: REP-0284
2026-09-09 09:42:41 [WRN] Duplicate report rejected: REP-0285
2026-09-09 09:42:41 [WRN] Duplicate report rejected: REP-0286
2026-09-09 09:42:41 [WRN] Duplicate report rejected: REP-0287
2026-09-09 09:42:41 [WRN] Duplicate report rejected: REP-0288
2026-09-09 09:42:41 [WRN] Duplicate report rejected: REP-0289
2026-09-09 09:42:41 [WRN] Duplicate report rejected: REP-0290
2026-09-09 09:42:41 [WRN] Duplicate report rejected: REP-0291
2026-09-09 09:42:41 [WRN] Duplicate report rejected: REP-0292
2026-09-09 09:42:41 [WRN] Duplicate report rejected: REP-0293
2026-09-09 09:42:41 [WRN] Duplicate report rejected: REP-0294
2026-09-09 09:42:41 [WRN] Duplicate report rejected: REP-0295
2026-09-09 09:42:41 [WRN] Duplicate report rejected: REP-0296
2026-09-09 09:42:41 [WRN] Duplicate report rejected: REP-0297
2026-09-09 09:42:41 [WRN] Duplicate report rejected: REP-0298
2026-09-09 09:42:41 [WRN] Duplicate report rejected: REP-0299
2026-09-09 09:42:41 [WRN] Duplicate report rejected: REP-0300
2026-09-09 09:42:41 [WRN] Duplicate report rejected: REP-0301
2026-09-09 09:42:41 [WRN] Duplicate report rejected: REP-0302
2026-09-09 09:42:41 [WRN] Duplicate report rejected: REP-0303
2026-09-09 09:42:41 [WRN] Duplicate report rejected: REP-0304
2026-09-09 09:42:41 [WRN] Duplicate report rejected: REP-0305
2026-09-09 09:42:41 [WRN] Duplicate report rejected: REP-0306
2026-09-09 09:42:41 [WRN] Duplicate report rejected: REP-0307
2026-09-09 09:42:41 [WRN] Duplicate report rejected: REP-0308
2026-09-09 09:42:41 [WRN] Duplicate report rejected: REP-0309
2026-09-09 09:42:41 [WRN] Duplicate report rejected: REP-0310
2026-09-09 09:42:41 [WRN] Duplicate report rejected: REP-0311
2026-09-09 09:42:41 [WRN] Duplicate report rejected: REP-0312
2026-09-09 09:42:41 [WRN] Duplicate report rejected: REP-0313
2026-09-09 09:42:41 [WRN] Duplicate report rejected: REP-0314
2026-09-09 09:42:41 [WRN] Duplicate report rejected: REP-0315
2026-09-09 09:42:41 [WRN] Duplicate report rejected: REP-0316
2026-09-09 09:42:41 [WRN] Duplicate report rejected: REP-0317
2026-09-09 09:42:41 [WRN] Duplicate report rejected: REP-0318
2026-09-09 09:42:41 [WRN] Duplicate report rejected: REP-0319
2026-09-09 09:42:41 [WRN] Duplicate report rejected: REP-0320
2026-09-09 09:42:41 [WRN] Duplicate report rejected: REP-0321
2026-09-09 09:42:41 [WRN] Duplicate report rejected: REP-0322
2026-09-09 09:42:41 [WRN] Duplicate report rejected: REP-0323
2026-09-09 09:42:41 [WRN] Duplicate report rejected: REP-0324
2026-09-09 09:42:41 [WRN] Duplicate report rejected: REP-0325
2026-09-09 09:42:41 [WRN] Duplicate report rejected: REP-0326
2026-09-09 09:42:41 [WRN] Duplicate report rejected: REP-0327
2026-09-09 09:42:41 [WRN] Duplicate report rejected: REP-0328
2026-09-09 09:42:41 [WRN] Duplicate report rejected: REP-0329
2026-09-09 09:42:41 [WRN] Duplicate report rejected: REP-0330
2026-09-09 09:42:41 [WRN] Duplicate report rejected: REP-0331
2026-09-09 09:42:41 [WRN] Duplicate report rejected: REP-0332
2026-09-09 09:42:41 [WRN] Duplicate report rejected: REP-0333
2026-09-09 09:42:41 [WRN] Duplicate report rejected: REP-0334
2026-09-09 09:42:41 [WRN] Duplicate report rejected: REP-0335
2026-09-09 09:42:41 [WRN] Duplicate report rejected: REP-0336
2026-09-09 09:42:41 [WRN] Duplicate report rejected: REP-0337
2026-09-09 09:42:41 [WRN] Duplicate report rejected: REP-0338
2026-09-09 09:42:41 [WRN] Duplicate report rejected: REP-0339
2026-09-09 09:42:41 [WRN] Duplicate report rejected: REP-0340
2026-09-09 09:42:41 [WRN] Duplicate report rejected: REP-0341
2026-09-09 09:42:41 [WRN] Duplicate report rejected: REP-0342
2026-09-09 09:42:41 [WRN] Duplicate report rejected: REP-0343
2026-09-09 09:42:41 [WRN] Duplicate report rejected: REP-0344
2026-09-09 09:42:41 [WRN] Duplicate report rejected: REP-0345
2026-09-09 09:42:42 [WRN] Duplicate report rejected: REP-0346
2026-09-09 09:42:42 [WRN] Duplicate report rejected: REP-0347
2026-09-09 09:42:42 [WRN] Duplicate report rejected: REP-0348
2026-09-09 09:42:42 [WRN] Duplicate report rejected: REP-0349
2026-09-09 09:42:42 [WRN] Duplicate report rejected: REP-0350
2026-09-09 09:42:42 [WRN] Duplicate report rejected: REP-0351
2026-09-09 09:42:42 [WRN] Duplicate report rejected: REP-0352
2026-09-09 09:42:42 [WRN] Duplicate report rejected: REP-0353
2026-09-09 09:42:42 [WRN] Duplicate report rejected: REP-0354
2026-09-09 09:42:42 [WRN] Duplicate report rejected: REP-0355
2026-09-09 09:42:42 [WRN] Duplicate report rejected: REP-0356
2026-09-09 09:42:42 [WRN] Duplicate report rejected: REP-0357
2026-09-09 09:42:42 [WRN] Duplicate report rejected: REP-0358
2026-09-09 09:42:42 [WRN] Duplicate report rejected: REP-0359
2026-09-09 09:42:42 [WRN] Duplicate report rejected: REP-0360
2026-09-09 09:42:42 [WRN] Duplicate report rejected: REP-0361
2026-09-09 09:42:42 [WRN] Duplicate report rejected: REP-0362
2026-09-09 09:42:42 [WRN] Duplicate report rejected: REP-0363
2026-09-09 09:42:42 [WRN] Duplicate report rejected: REP-0364
2026-09-09 09:42:42 [WRN] Duplicate report rejected: REP-0365
2026-09-09 09:42:42 [WRN] Duplicate report rejected: REP-0366
2026-09-09 09:42:42 [WRN] Duplicate report rejected: REP-0367
2026-09-09 09:42:42 [WRN] Duplicate report rejected: REP-0368
2026-09-09 09:42:42 [WRN] Duplicate report rejected: REP-0369
2026-09-09 09:42:42 [WRN] Duplicate report rejected: REP-0370
2026-09-09 09:42:42 [WRN] Duplicate report rejected: REP-0371
2026-09-09 09:42:42 [WRN] Duplicate report rejected: REP-0372
2026-09-09 09:42:42 [WRN] Duplicate report rejected: REP-0373
2026-09-09 09:42:42 [WRN] Duplicate report rejected: REP-0374
2026-09-09 09:42:42 [WRN] Duplicate report rejected: REP-0375
2026-09-09 09:42:42 [WRN] Duplicate report rejected: REP-0376
2026-09-09 09:42:42 [WRN] Duplicate report rejected: REP-0377
2026-09-09 09:42:42 [WRN] Duplicate report rejected: REP-0378
2026-09-09 09:42:42 [WRN] Duplicate report rejected: REP-0379
2026-09-09 09:42:42 [WRN] Duplicate report rejected: REP-0380
2026-09-09 09:42:42 [WRN] Duplicate report rejected: REP-0381
2026-09-09 09:42:42 [WRN] Duplicate report rejected: REP-0382
2026-09-09 09:42:42 [WRN] Duplicate report rejected: REP-0383
2026-09-09 09:42:42 [WRN] Duplicate report rejected: REP-0384
2026-09-09 09:42:42 [WRN] Duplicate report rejected: REP-0385
2026-09-09 09:42:42 [WRN] Duplicate report rejected: REP-0386
2026-09-09 09:42:42 [WRN] Duplicate report rejected: REP-0387
2026-09-09 09:42:42 [WRN] Duplicate report rejected: REP-0388
2026-09-09 09:42:42 [WRN] Duplicate report rejected: REP-0389
2026-09-09 09:42:42 [WRN] Duplicate report rejected: REP-0390
2026-09-09 09:42:42 [WRN] Duplicate report rejected: REP-0391
2026-09-09 09:42:42 [WRN] Duplicate report rejected: REP-0392
2026-09-09 09:42:42 [WRN] Duplicate report rejected: REP-0393
2026-09-09 09:42:42 [WRN] Duplicate report rejected: REP-0394
2026-09-09 09:42:42 [WRN] Duplicate report rejected: REP-0395
2026-09-09 09:42:42 [WRN] Duplicate report rejected: REP-0396
2026-09-09 09:42:42 [WRN] Duplicate report rejected: REP-0397
2026-09-09 09:42:42 [WRN] Duplicate report rejected: REP-0398
2026-09-09 09:42:42 [WRN] Duplicate report rejected: REP-0399
2026-09-09 09:42:42 [WRN] Duplicate report rejected: REP-0400
2026-09-09 09:42:42 [WRN] Report REP-0401 rejected: message is missing
2026-09-09 09:42:42 [WRN] Report REP-0402 rejected: unit is missing
2026-09-09 09:42:42 [WRN] Report REP-0403 rejected: sourceType is missing
2026-09-09 09:42:42 [WRN] Report REP-0404 rejected: message is missing
2026-09-09 09:42:42 [WRN] Report REP-0405 rejected: theater is missing
2026-09-09 09:42:42 [WRN] Report rejected because the JSON is invalid: The JSON value could not be converted to System.Nullable`1[Consumer.Models.ReportType]. Path: $.reportType | LineNumber: 0 | BytePositionInLine: 188.
2026-09-09 09:42:42 [WRN] Report rejected because the JSON is invalid: The JSON value could not be converted to System.Nullable`1[System.DateTimeOffset]. Path: $.timestamp | LineNumber: 0 | BytePositionInLine: 36.
2026-09-09 09:42:43 [WRN] Report rejected because the JSON is invalid: The JSON value could not be converted to System.Nullable`1[System.DateTimeOffset]. Path: $.timestamp | LineNumber: 0 | BytePositionInLine: 33.
2026-09-09 09:42:43 [WRN] Report rejected because the JSON is invalid: The JSON value could not be converted to System.Nullable`1[Consumer.Models.ReportPriority]. Path: $.priority | LineNumber: 0 | BytePositionInLine: 212.
2026-09-09 09:42:43 [WRN] Report REP-0410 rejected: priority 'HIGH' is not allowed
2026-09-09 09:42:43 [WRN] Report rejected because the JSON is invalid: The JSON value could not be converted to System.Nullable`1[Consumer.Models.ReportType]. Path: $.reportType | LineNumber: 0 | BytePositionInLine: 194.
2026-09-09 09:42:43 [WRN] Report rejected because the JSON is invalid: The JSON value could not be converted to System.Nullable`1[Consumer.Models.ReportType]. Path: $.reportType | LineNumber: 0 | BytePositionInLine: 190.
2026-09-09 09:42:43 [WRN] Duplicate report rejected: REP-0413
2026-09-09 09:42:43 [WRN] Duplicate report rejected: REP-0414
2026-09-09 09:42:43 [WRN] Report REP-0415 rejected: subjectId and subjectType must appear together
2026-09-09 09:42:43 [WRN] Report REP-0416 rejected: subjectId and subjectType must appear together
2026-09-09 09:42:43 [WRN] Report REP-0417 rejected: subjectId and subjectType must appear together
2026-09-09 09:42:43 [WRN] Report REP-0418 rejected: subjectId and subjectType must appear together
2026-09-09 09:42:43 [WRN] Duplicate report rejected: REP-0419
2026-09-09 09:42:43 [WRN] Duplicate report rejected: REP-0420
2026-09-09 09:42:43 [WRN] Duplicate report rejected: REP-0001
2026-09-09 09:42:43 [WRN] Duplicate report rejected: REP-0002
2026-09-09 09:42:43 [WRN] Duplicate report rejected: REP-0003
2026-09-09 09:42:43 [WRN] Duplicate report rejected: REP-0004
2026-09-09 09:42:43 [WRN] Duplicate report rejected: REP-0005
2026-09-09 09:42:43 [WRN] Duplicate report rejected: REP-0006
2026-09-09 09:42:43 [WRN] Duplicate report rejected: REP-0007
2026-09-09 09:42:43 [WRN] Duplicate report rejected: REP-0008
2026-09-09 09:42:43 [WRN] Duplicate report rejected: REP-0009
2026-09-09 09:42:43 [WRN] Duplicate report rejected: REP-0010
2026-09-09 09:42:43 [WRN] Duplicate report rejected: REP-0011
2026-09-09 09:42:43 [WRN] Duplicate report rejected: REP-0012
2026-09-09 09:42:43 [WRN] Duplicate report rejected: REP-0013
2026-09-09 09:42:43 [WRN] Duplicate report rejected: REP-0014
2026-09-09 09:42:43 [WRN] Duplicate report rejected: REP-0015
2026-09-09 09:42:43 [WRN] Duplicate report rejected: REP-0016
2026-09-09 09:42:43 [WRN] Duplicate report rejected: REP-0017
2026-09-09 09:42:43 [WRN] Duplicate report rejected: REP-0018
2026-09-09 09:42:43 [WRN] Duplicate report rejected: REP-0019
2026-09-09 09:42:43 [WRN] Duplicate report rejected: REP-0020
2026-09-09 09:42:43 [WRN] Duplicate report rejected: REP-0021
2026-09-09 09:42:43 [WRN] Duplicate report rejected: REP-0022
2026-09-09 09:42:43 [WRN] Duplicate report rejected: REP-0023
2026-09-09 09:42:43 [WRN] Duplicate report rejected: REP-0024
2026-09-09 09:42:43 [WRN] Duplicate report rejected: REP-0025
2026-09-09 09:42:43 [WRN] Duplicate report rejected: REP-0026
2026-09-09 09:42:43 [WRN] Duplicate report rejected: REP-0027
2026-09-09 09:42:43 [WRN] Duplicate report rejected: REP-0028
2026-09-09 09:42:43 [WRN] Duplicate report rejected: REP-0029
2026-09-09 09:42:43 [WRN] Duplicate report rejected: REP-0030
2026-09-09 09:42:43 [WRN] Duplicate report rejected: REP-0031
2026-09-09 09:42:43 [WRN] Duplicate report rejected: REP-0032
2026-09-09 09:42:43 [WRN] Duplicate report rejected: REP-0033
2026-09-09 09:42:43 [WRN] Duplicate report rejected: REP-0034
2026-09-09 09:42:43 [WRN] Duplicate report rejected: REP-0035
2026-09-09 09:42:43 [WRN] Duplicate report rejected: REP-0036
2026-09-09 09:42:43 [WRN] Duplicate report rejected: REP-0037
2026-09-09 09:42:43 [WRN] Duplicate report rejected: REP-0038
2026-09-09 09:42:43 [WRN] Duplicate report rejected: REP-0039
2026-09-09 09:42:43 [WRN] Duplicate report rejected: REP-0040
2026-09-09 09:42:43 [WRN] Duplicate report rejected: REP-0041
2026-09-09 09:42:43 [WRN] Duplicate report rejected: REP-0042
2026-09-09 09:42:43 [WRN] Duplicate report rejected: REP-0043
2026-09-09 09:42:43 [WRN] Duplicate report rejected: REP-0044
2026-09-09 09:42:43 [WRN] Duplicate report rejected: REP-0045
2026-09-09 09:42:43 [WRN] Duplicate report rejected: REP-0046
2026-09-09 09:42:43 [WRN] Duplicate report rejected: REP-0047
2026-09-09 09:42:43 [WRN] Duplicate report rejected: REP-0048
2026-09-09 09:42:43 [WRN] Duplicate report rejected: REP-0049
2026-09-09 09:42:43 [WRN] Duplicate report rejected: REP-0050
2026-09-09 09:42:43 [WRN] Duplicate report rejected: REP-0051
2026-09-09 09:42:43 [WRN] Duplicate report rejected: REP-0052
2026-09-09 09:42:43 [WRN] Duplicate report rejected: REP-0053
2026-09-09 09:42:43 [WRN] Duplicate report rejected: REP-0054
2026-09-09 09:42:43 [WRN] Duplicate report rejected: REP-0055
2026-09-09 09:42:43 [WRN] Duplicate report rejected: REP-0056
2026-09-09 09:42:43 [WRN] Duplicate report rejected: REP-0057
2026-09-09 09:42:43 [WRN] Duplicate report rejected: REP-0058
2026-09-09 09:42:43 [WRN] Duplicate report rejected: REP-0059
2026-09-09 09:42:43 [WRN] Duplicate report rejected: REP-0060
2026-09-09 09:42:43 [WRN] Duplicate report rejected: REP-0061
2026-09-09 09:42:44 [WRN] Duplicate report rejected: REP-0062
2026-09-09 09:42:44 [WRN] Duplicate report rejected: REP-0063
2026-09-09 09:42:44 [WRN] Duplicate report rejected: REP-0064
2026-09-09 09:42:44 [WRN] Duplicate report rejected: REP-0065
2026-09-09 09:42:44 [WRN] Duplicate report rejected: REP-0066
2026-09-09 09:42:44 [WRN] Duplicate report rejected: REP-0067
2026-09-09 09:42:44 [WRN] Duplicate report rejected: REP-0068
2026-09-09 09:42:44 [WRN] Duplicate report rejected: REP-0069
2026-09-09 09:42:44 [WRN] Duplicate report rejected: REP-0070
2026-09-09 09:42:44 [WRN] Duplicate report rejected: REP-0071
2026-09-09 09:42:44 [WRN] Duplicate report rejected: REP-0072
2026-09-09 09:42:44 [WRN] Duplicate report rejected: REP-0073
2026-09-09 09:42:44 [WRN] Duplicate report rejected: REP-0074
2026-09-09 09:42:44 [WRN] Duplicate report rejected: REP-0075
2026-09-09 09:42:44 [WRN] Duplicate report rejected: REP-0076
2026-09-09 09:42:44 [WRN] Duplicate report rejected: REP-0077
2026-09-09 09:42:44 [WRN] Duplicate report rejected: REP-0078
2026-09-09 09:42:44 [WRN] Duplicate report rejected: REP-0079
2026-09-09 09:42:44 [WRN] Duplicate report rejected: REP-0080
2026-09-09 09:42:44 [WRN] Duplicate report rejected: REP-0081
2026-09-09 09:42:44 [WRN] Duplicate report rejected: REP-0082
2026-09-09 09:42:44 [WRN] Duplicate report rejected: REP-0083
2026-09-09 09:42:44 [WRN] Duplicate report rejected: REP-0084
2026-09-09 09:42:44 [WRN] Duplicate report rejected: REP-0085
2026-09-09 09:42:44 [WRN] Duplicate report rejected: REP-0086
2026-09-09 09:42:44 [WRN] Duplicate report rejected: REP-0087
2026-09-09 09:42:44 [WRN] Duplicate report rejected: REP-0088
2026-09-09 09:42:44 [WRN] Duplicate report rejected: REP-0089
2026-09-09 09:42:44 [WRN] Duplicate report rejected: REP-0090
2026-09-09 09:42:44 [WRN] Duplicate report rejected: REP-0091
2026-09-09 09:42:44 [WRN] Duplicate report rejected: REP-0092
2026-09-09 09:42:44 [WRN] Duplicate report rejected: REP-0093
2026-09-09 09:42:44 [WRN] Duplicate report rejected: REP-0094
2026-09-09 09:42:44 [WRN] Duplicate report rejected: REP-0095
2026-09-09 09:42:44 [WRN] Duplicate report rejected: REP-0096
2026-09-09 09:42:44 [WRN] Duplicate report rejected: REP-0097
2026-09-09 09:42:44 [WRN] Duplicate report rejected: REP-0098
2026-09-09 09:42:44 [WRN] Duplicate report rejected: REP-0099
2026-09-09 09:42:44 [WRN] Duplicate report rejected: REP-0100
2026-09-09 09:42:44 [WRN] Duplicate report rejected: REP-0101
2026-09-09 09:42:44 [WRN] Duplicate report rejected: REP-0102
2026-09-09 09:42:44 [WRN] Duplicate report rejected: REP-0103
2026-09-09 09:42:44 [WRN] Duplicate report rejected: REP-0104
2026-09-09 09:42:44 [WRN] Duplicate report rejected: REP-0105
2026-09-09 09:42:44 [WRN] Duplicate report rejected: REP-0106
2026-09-09 09:42:44 [WRN] Duplicate report rejected: REP-0107
2026-09-09 09:42:44 [WRN] Duplicate report rejected: REP-0108
2026-09-09 09:42:44 [WRN] Duplicate report rejected: REP-0109
2026-09-09 09:42:44 [WRN] Duplicate report rejected: REP-0110
2026-09-09 09:42:44 [WRN] Duplicate report rejected: REP-0111
2026-09-09 09:42:44 [WRN] Duplicate report rejected: REP-0112
2026-09-09 09:42:44 [WRN] Duplicate report rejected: REP-0113
2026-09-09 09:42:44 [WRN] Duplicate report rejected: REP-0114
2026-09-09 09:42:44 [WRN] Duplicate report rejected: REP-0115
2026-09-09 09:42:44 [WRN] Duplicate report rejected: REP-0116
2026-09-09 09:42:44 [WRN] Duplicate report rejected: REP-0117
2026-09-09 09:42:44 [WRN] Duplicate report rejected: REP-0118
2026-09-09 09:42:44 [WRN] Duplicate report rejected: REP-0119
2026-09-09 09:42:44 [WRN] Duplicate report rejected: REP-0120
2026-09-09 09:42:45 [WRN] Duplicate report rejected: REP-0121
2026-09-09 09:42:45 [WRN] Duplicate report rejected: REP-0122
2026-09-09 09:42:45 [WRN] Duplicate report rejected: REP-0123
2026-09-09 09:42:45 [WRN] Duplicate report rejected: REP-0124
2026-09-09 09:42:45 [WRN] Duplicate report rejected: REP-0125
2026-09-09 09:42:45 [WRN] Duplicate report rejected: REP-0126
2026-09-09 09:42:45 [WRN] Duplicate report rejected: REP-0127
2026-09-09 09:42:45 [WRN] Duplicate report rejected: REP-0128
2026-09-09 09:42:45 [WRN] Duplicate report rejected: REP-0129
2026-09-09 09:42:45 [WRN] Duplicate report rejected: REP-0130
2026-09-09 09:42:45 [WRN] Duplicate report rejected: REP-0131
2026-09-09 09:42:45 [WRN] Duplicate report rejected: REP-0132
2026-09-09 09:42:45 [WRN] Duplicate report rejected: REP-0133
2026-09-09 09:42:45 [WRN] Duplicate report rejected: REP-0134
2026-09-09 09:42:45 [WRN] Duplicate report rejected: REP-0135
2026-09-09 09:42:45 [WRN] Duplicate report rejected: REP-0136
2026-09-09 09:42:45 [WRN] Duplicate report rejected: REP-0137
2026-09-09 09:42:45 [WRN] Duplicate report rejected: REP-0138
2026-09-09 09:42:45 [WRN] Duplicate report rejected: REP-0139
2026-09-09 09:42:45 [WRN] Duplicate report rejected: REP-0140
2026-09-09 09:42:45 [WRN] Duplicate report rejected: REP-0141
2026-09-09 09:42:45 [WRN] Duplicate report rejected: REP-0142
2026-09-09 09:42:45 [WRN] Duplicate report rejected: REP-0143
2026-09-09 09:42:45 [WRN] Duplicate report rejected: REP-0144
2026-09-09 09:42:45 [WRN] Duplicate report rejected: REP-0145
2026-09-09 09:42:45 [WRN] Duplicate report rejected: REP-0146
2026-09-09 09:42:45 [WRN] Duplicate report rejected: REP-0147
2026-09-09 09:42:45 [WRN] Duplicate report rejected: REP-0148
2026-09-09 09:42:45 [WRN] Duplicate report rejected: REP-0149
2026-09-09 09:42:45 [WRN] Duplicate report rejected: REP-0150
2026-09-09 09:42:45 [WRN] Duplicate report rejected: REP-0151
2026-09-09 09:42:45 [WRN] Duplicate report rejected: REP-0152
2026-09-09 09:42:45 [WRN] Duplicate report rejected: REP-0153
2026-09-09 09:42:45 [WRN] Duplicate report rejected: REP-0154
2026-09-09 09:42:45 [WRN] Duplicate report rejected: REP-0155
2026-09-09 09:42:45 [WRN] Duplicate report rejected: REP-0156
2026-09-09 09:42:45 [WRN] Duplicate report rejected: REP-0157
2026-09-09 09:42:45 [WRN] Duplicate report rejected: REP-0158
2026-09-09 09:42:45 [WRN] Duplicate report rejected: REP-0159
2026-09-09 09:42:45 [WRN] Duplicate report rejected: REP-0160
2026-09-09 09:42:45 [WRN] Duplicate report rejected: REP-0161
2026-09-09 09:42:45 [WRN] Duplicate report rejected: REP-0162
2026-09-09 09:42:45 [WRN] Duplicate report rejected: REP-0163
2026-09-09 09:42:45 [WRN] Duplicate report rejected: REP-0164
2026-09-09 09:42:45 [WRN] Duplicate report rejected: REP-0165
2026-09-09 09:42:45 [WRN] Duplicate report rejected: REP-0166
2026-09-09 09:42:45 [WRN] Duplicate report rejected: REP-0167
2026-09-09 09:42:45 [WRN] Duplicate report rejected: REP-0168
2026-09-09 09:42:45 [WRN] Duplicate report rejected: REP-0169
2026-09-09 09:42:45 [WRN] Duplicate report rejected: REP-0170
2026-09-09 09:42:45 [WRN] Duplicate report rejected: REP-0171
2026-09-09 09:42:45 [WRN] Duplicate report rejected: REP-0172
2026-09-09 09:42:45 [WRN] Duplicate report rejected: REP-0173
2026-09-09 09:42:45 [WRN] Duplicate report rejected: REP-0174
2026-09-09 09:42:46 [WRN] Duplicate report rejected: REP-0175
2026-09-09 09:42:46 [WRN] Duplicate report rejected: REP-0176
2026-09-09 09:42:46 [WRN] Duplicate report rejected: REP-0177
2026-09-09 09:42:46 [WRN] Duplicate report rejected: REP-0178
2026-09-09 09:42:46 [WRN] Duplicate report rejected: REP-0179
2026-09-09 09:42:46 [WRN] Duplicate report rejected: REP-0180
2026-09-09 09:42:46 [WRN] Duplicate report rejected: REP-0181
2026-09-09 09:42:46 [WRN] Duplicate report rejected: REP-0182
2026-09-09 09:42:46 [WRN] Duplicate report rejected: REP-0183
2026-09-09 09:42:46 [WRN] Duplicate report rejected: REP-0184
2026-09-09 09:42:46 [WRN] Duplicate report rejected: REP-0185
2026-09-09 09:42:46 [WRN] Duplicate report rejected: REP-0186
2026-09-09 09:42:46 [WRN] Duplicate report rejected: REP-0187
2026-09-09 09:42:46 [WRN] Duplicate report rejected: REP-0188
2026-09-09 09:42:46 [WRN] Duplicate report rejected: REP-0189
2026-09-09 09:42:46 [WRN] Duplicate report rejected: REP-0190
2026-09-09 09:42:46 [WRN] Duplicate report rejected: REP-0191
2026-09-09 09:42:46 [WRN] Duplicate report rejected: REP-0192
2026-09-09 09:42:46 [WRN] Duplicate report rejected: REP-0193
2026-09-09 09:42:46 [WRN] Duplicate report rejected: REP-0194
2026-09-09 09:42:46 [WRN] Duplicate report rejected: REP-0195
2026-09-09 09:42:46 [WRN] Duplicate report rejected: REP-0196
2026-09-09 09:42:46 [WRN] Duplicate report rejected: REP-0197
2026-09-09 09:42:46 [WRN] Duplicate report rejected: REP-0198
2026-09-09 09:42:46 [WRN] Duplicate report rejected: REP-0199
2026-09-09 09:42:46 [WRN] Duplicate report rejected: REP-0200
2026-09-09 09:42:46 [WRN] Duplicate report rejected: REP-0201
2026-09-09 09:42:46 [WRN] Duplicate report rejected: REP-0202
2026-09-09 09:42:46 [WRN] Duplicate report rejected: REP-0203
2026-09-09 09:42:46 [WRN] Duplicate report rejected: REP-0204
2026-09-09 09:42:46 [WRN] Duplicate report rejected: REP-0205
2026-09-09 09:42:46 [WRN] Duplicate report rejected: REP-0206
2026-09-09 09:42:46 [WRN] Duplicate report rejected: REP-0207
2026-09-09 09:42:46 [WRN] Duplicate report rejected: REP-0208
2026-09-09 09:42:46 [WRN] Duplicate report rejected: REP-0209
2026-09-09 09:42:46 [WRN] Duplicate report rejected: REP-0210
2026-09-09 09:42:46 [WRN] Duplicate report rejected: REP-0211
2026-09-09 09:42:46 [WRN] Duplicate report rejected: REP-0212
2026-09-09 09:42:46 [WRN] Duplicate report rejected: REP-0213
2026-09-09 09:42:46 [WRN] Duplicate report rejected: REP-0214
2026-09-09 09:42:46 [WRN] Duplicate report rejected: REP-0215
2026-09-09 09:42:46 [WRN] Duplicate report rejected: REP-0216
2026-09-09 09:42:46 [WRN] Duplicate report rejected: REP-0217
2026-09-09 09:42:46 [WRN] Duplicate report rejected: REP-0218
2026-09-09 09:42:46 [WRN] Duplicate report rejected: REP-0219
2026-09-09 09:42:46 [WRN] Duplicate report rejected: REP-0220
2026-09-09 09:42:46 [WRN] Duplicate report rejected: REP-0221
2026-09-09 09:42:46 [WRN] Duplicate report rejected: REP-0222
2026-09-09 09:42:46 [WRN] Duplicate report rejected: REP-0223
2026-09-09 09:42:46 [WRN] Duplicate report rejected: REP-0224
2026-09-09 09:42:46 [WRN] Duplicate report rejected: REP-0225
2026-09-09 09:42:46 [WRN] Duplicate report rejected: REP-0226
2026-09-09 09:42:46 [WRN] Duplicate report rejected: REP-0227
2026-09-09 09:42:47 [WRN] Duplicate report rejected: REP-0228
2026-09-09 09:42:47 [WRN] Duplicate report rejected: REP-0229
2026-09-09 09:42:47 [WRN] Duplicate report rejected: REP-0230
2026-09-09 09:42:47 [WRN] Duplicate report rejected: REP-0231
2026-09-09 09:42:47 [WRN] Duplicate report rejected: REP-0232
2026-09-09 09:42:47 [WRN] Duplicate report rejected: REP-0233
2026-09-09 09:42:47 [WRN] Duplicate report rejected: REP-0234
2026-09-09 09:42:47 [WRN] Duplicate report rejected: REP-0235
2026-09-09 09:42:47 [WRN] Duplicate report rejected: REP-0236
2026-09-09 09:42:47 [WRN] Duplicate report rejected: REP-0237
2026-09-09 09:42:47 [WRN] Duplicate report rejected: REP-0238
2026-09-09 09:42:47 [WRN] Duplicate report rejected: REP-0239
2026-09-09 09:42:47 [WRN] Duplicate report rejected: REP-0240
2026-09-09 09:42:47 [WRN] Duplicate report rejected: REP-0241
2026-09-09 09:42:47 [WRN] Duplicate report rejected: REP-0242
2026-09-09 09:42:47 [WRN] Duplicate report rejected: REP-0243
2026-09-09 09:42:47 [WRN] Duplicate report rejected: REP-0244
2026-09-09 09:42:47 [WRN] Duplicate report rejected: REP-0245
2026-09-09 09:42:47 [WRN] Duplicate report rejected: REP-0246
2026-09-09 09:42:47 [WRN] Duplicate report rejected: REP-0247
2026-09-09 09:42:47 [WRN] Duplicate report rejected: REP-0248
2026-09-09 09:42:47 [WRN] Duplicate report rejected: REP-0249
2026-09-09 09:42:47 [WRN] Duplicate report rejected: REP-0250
2026-09-09 09:42:47 [WRN] Duplicate report rejected: REP-0251
2026-09-09 09:42:47 [WRN] Duplicate report rejected: REP-0252
2026-09-09 09:42:47 [WRN] Duplicate report rejected: REP-0253
2026-09-09 09:42:47 [WRN] Duplicate report rejected: REP-0254
2026-09-09 09:42:47 [WRN] Duplicate report rejected: REP-0255
2026-09-09 09:42:47 [WRN] Duplicate report rejected: REP-0256
2026-09-09 09:42:47 [WRN] Duplicate report rejected: REP-0257
2026-09-09 09:42:47 [WRN] Duplicate report rejected: REP-0258
2026-09-09 09:42:47 [WRN] Duplicate report rejected: REP-0259
2026-09-09 09:42:47 [WRN] Duplicate report rejected: REP-0260
2026-09-09 09:42:47 [WRN] Duplicate report rejected: REP-0261
2026-09-09 09:42:47 [WRN] Duplicate report rejected: REP-0262
2026-09-09 09:42:47 [WRN] Duplicate report rejected: REP-0263
2026-09-09 09:42:47 [WRN] Duplicate report rejected: REP-0264
2026-09-09 09:42:47 [WRN] Duplicate report rejected: REP-0265
2026-09-09 09:42:47 [WRN] Duplicate report rejected: REP-0266
2026-09-09 09:42:47 [WRN] Duplicate report rejected: REP-0267
2026-09-09 09:42:47 [WRN] Duplicate report rejected: REP-0268
2026-09-09 09:42:47 [WRN] Duplicate report rejected: REP-0269
2026-09-09 09:42:47 [WRN] Duplicate report rejected: REP-0270
2026-09-09 09:42:47 [WRN] Duplicate report rejected: REP-0271
2026-09-09 09:42:47 [WRN] Duplicate report rejected: REP-0272
2026-09-09 09:42:47 [WRN] Duplicate report rejected: REP-0273
2026-09-09 09:42:47 [WRN] Duplicate report rejected: REP-0274
2026-09-09 09:42:47 [WRN] Duplicate report rejected: REP-0275
2026-09-09 09:42:48 [WRN] Duplicate report rejected: REP-0276
2026-09-09 09:42:48 [WRN] Duplicate report rejected: REP-0277
2026-09-09 09:42:48 [WRN] Duplicate report rejected: REP-0278
2026-09-09 09:42:48 [WRN] Duplicate report rejected: REP-0279
2026-09-09 09:42:48 [WRN] Duplicate report rejected: REP-0280
2026-09-09 09:42:48 [WRN] Duplicate report rejected: REP-0281
2026-09-09 09:42:48 [WRN] Duplicate report rejected: REP-0282
2026-09-09 09:42:48 [WRN] Duplicate report rejected: REP-0283
2026-09-09 09:42:48 [WRN] Duplicate report rejected: REP-0284
2026-09-09 09:42:48 [WRN] Duplicate report rejected: REP-0285
2026-09-09 09:42:48 [WRN] Duplicate report rejected: REP-0286
2026-09-09 09:42:48 [WRN] Duplicate report rejected: REP-0287
2026-09-09 09:42:48 [WRN] Duplicate report rejected: REP-0288
2026-09-09 09:42:48 [WRN] Duplicate report rejected: REP-0289
2026-09-09 09:42:48 [WRN] Duplicate report rejected: REP-0290
2026-09-09 09:42:48 [WRN] Duplicate report rejected: REP-0291
2026-09-09 09:42:48 [WRN] Duplicate report rejected: REP-0292
2026-09-09 09:42:48 [WRN] Duplicate report rejected: REP-0293
2026-09-09 09:42:48 [WRN] Duplicate report rejected: REP-0294
2026-09-09 09:42:48 [WRN] Duplicate report rejected: REP-0295
2026-09-09 09:42:48 [WRN] Duplicate report rejected: REP-0296
2026-09-09 09:42:48 [WRN] Duplicate report rejected: REP-0297
2026-09-09 09:42:48 [WRN] Duplicate report rejected: REP-0298
2026-09-09 09:42:48 [WRN] Duplicate report rejected: REP-0299
2026-09-09 09:42:48 [WRN] Duplicate report rejected: REP-0300
2026-09-09 09:42:48 [WRN] Duplicate report rejected: REP-0301
2026-09-09 09:42:48 [WRN] Duplicate report rejected: REP-0302
2026-09-09 09:42:48 [WRN] Duplicate report rejected: REP-0303
2026-09-09 09:42:48 [WRN] Duplicate report rejected: REP-0304
2026-09-09 09:42:48 [WRN] Duplicate report rejected: REP-0305
2026-09-09 09:42:48 [WRN] Duplicate report rejected: REP-0306
2026-09-09 09:42:48 [WRN] Duplicate report rejected: REP-0307
2026-09-09 09:42:48 [WRN] Duplicate report rejected: REP-0308
2026-09-09 09:42:48 [WRN] Duplicate report rejected: REP-0309
2026-09-09 09:42:48 [WRN] Duplicate report rejected: REP-0310
2026-09-09 09:42:48 [WRN] Duplicate report rejected: REP-0311
2026-09-09 09:42:48 [WRN] Duplicate report rejected: REP-0312
2026-09-09 09:42:49 [WRN] Duplicate report rejected: REP-0313
2026-09-09 09:42:49 [WRN] Duplicate report rejected: REP-0314
2026-09-09 09:42:49 [WRN] Duplicate report rejected: REP-0315
2026-09-09 09:42:49 [WRN] Duplicate report rejected: REP-0316
2026-09-09 09:42:49 [WRN] Duplicate report rejected: REP-0317
2026-09-09 09:42:49 [WRN] Duplicate report rejected: REP-0318
2026-09-09 09:42:49 [WRN] Duplicate report rejected: REP-0319
2026-09-09 09:42:49 [WRN] Duplicate report rejected: REP-0320
2026-09-09 09:42:49 [WRN] Duplicate report rejected: REP-0321
2026-09-09 09:42:49 [WRN] Duplicate report rejected: REP-0322
2026-09-09 09:42:49 [WRN] Duplicate report rejected: REP-0323
2026-09-09 09:42:49 [WRN] Duplicate report rejected: REP-0324
2026-09-09 09:42:49 [WRN] Duplicate report rejected: REP-0325
2026-09-09 09:42:49 [WRN] Duplicate report rejected: REP-0326
2026-09-09 09:42:49 [WRN] Duplicate report rejected: REP-0327
2026-09-09 09:42:49 [WRN] Duplicate report rejected: REP-0328
2026-09-09 09:42:49 [WRN] Duplicate report rejected: REP-0329
2026-09-09 09:42:49 [WRN] Duplicate report rejected: REP-0330
2026-09-09 09:42:49 [WRN] Duplicate report rejected: REP-0331
2026-09-09 09:42:49 [WRN] Duplicate report rejected: REP-0332
2026-09-09 09:42:49 [WRN] Duplicate report rejected: REP-0333
2026-09-09 09:42:49 [WRN] Duplicate report rejected: REP-0334
2026-09-09 09:42:49 [WRN] Duplicate report rejected: REP-0335
2026-09-09 09:42:49 [WRN] Duplicate report rejected: REP-0336
2026-09-09 09:42:49 [WRN] Duplicate report rejected: REP-0337
2026-09-09 09:42:49 [WRN] Duplicate report rejected: REP-0338
2026-09-09 09:42:49 [WRN] Duplicate report rejected: REP-0339
2026-09-09 09:42:49 [WRN] Duplicate report rejected: REP-0340
2026-09-09 09:42:49 [WRN] Duplicate report rejected: REP-0341
2026-09-09 09:42:49 [WRN] Duplicate report rejected: REP-0342
2026-09-09 09:42:49 [WRN] Duplicate report rejected: REP-0343
2026-09-09 09:42:49 [WRN] Duplicate report rejected: REP-0344
2026-09-09 09:42:49 [WRN] Duplicate report rejected: REP-0345
2026-09-09 09:42:49 [WRN] Duplicate report rejected: REP-0346
2026-09-09 09:42:49 [WRN] Duplicate report rejected: REP-0347
2026-09-09 09:42:49 [WRN] Duplicate report rejected: REP-0348
2026-09-09 09:42:49 [WRN] Duplicate report rejected: REP-0349
2026-09-09 09:42:49 [WRN] Duplicate report rejected: REP-0350
2026-09-09 09:42:49 [WRN] Duplicate report rejected: REP-0351
2026-09-09 09:42:49 [WRN] Duplicate report rejected: REP-0352
2026-09-09 09:42:49 [WRN] Duplicate report rejected: REP-0353
2026-09-09 09:42:49 [WRN] Duplicate report rejected: REP-0354
2026-09-09 09:42:49 [WRN] Duplicate report rejected: REP-0355
2026-09-09 09:42:49 [WRN] Duplicate report rejected: REP-0356
2026-09-09 09:42:49 [WRN] Duplicate report rejected: REP-0357
2026-09-09 09:42:49 [WRN] Duplicate report rejected: REP-0358
2026-09-09 09:42:49 [WRN] Duplicate report rejected: REP-0359
2026-09-09 09:42:50 [WRN] Duplicate report rejected: REP-0360
2026-09-09 09:42:50 [WRN] Duplicate report rejected: REP-0361
2026-09-09 09:42:50 [WRN] Duplicate report rejected: REP-0362
2026-09-09 09:42:50 [WRN] Duplicate report rejected: REP-0363
2026-09-09 09:42:50 [WRN] Duplicate report rejected: REP-0364
2026-09-09 09:42:50 [WRN] Duplicate report rejected: REP-0365
2026-09-09 09:42:50 [WRN] Duplicate report rejected: REP-0366
2026-09-09 09:42:50 [WRN] Duplicate report rejected: REP-0367
2026-09-09 09:42:50 [WRN] Duplicate report rejected: REP-0368
2026-09-09 09:42:50 [WRN] Duplicate report rejected: REP-0369
2026-09-09 09:42:50 [WRN] Duplicate report rejected: REP-0370
2026-09-09 09:42:50 [WRN] Duplicate report rejected: REP-0371
2026-09-09 09:42:50 [WRN] Duplicate report rejected: REP-0372
2026-09-09 09:42:50 [WRN] Duplicate report rejected: REP-0373
2026-09-09 09:42:50 [WRN] Duplicate report rejected: REP-0374
2026-09-09 09:42:50 [WRN] Duplicate report rejected: REP-0375
2026-09-09 09:42:50 [WRN] Duplicate report rejected: REP-0376
2026-09-09 09:42:50 [WRN] Duplicate report rejected: REP-0377
2026-09-09 09:42:50 [WRN] Duplicate report rejected: REP-0378
2026-09-09 09:42:50 [WRN] Duplicate report rejected: REP-0379
2026-09-09 09:42:50 [WRN] Duplicate report rejected: REP-0380
2026-09-09 09:42:50 [WRN] Duplicate report rejected: REP-0381
2026-09-09 09:42:50 [WRN] Duplicate report rejected: REP-0382
2026-09-09 09:42:50 [WRN] Duplicate report rejected: REP-0383
2026-09-09 09:42:50 [WRN] Duplicate report rejected: REP-0384
2026-09-09 09:42:50 [WRN] Duplicate report rejected: REP-0385
2026-09-09 09:42:50 [WRN] Duplicate report rejected: REP-0386
2026-09-09 09:42:50 [WRN] Duplicate report rejected: REP-0387
2026-09-09 09:42:50 [WRN] Duplicate report rejected: REP-0388
2026-09-09 09:42:50 [WRN] Duplicate report rejected: REP-0389
2026-09-09 09:42:50 [WRN] Duplicate report rejected: REP-0390
2026-09-09 09:42:50 [WRN] Duplicate report rejected: REP-0391
2026-09-09 09:42:50 [WRN] Duplicate report rejected: REP-0392
2026-09-09 09:42:50 [WRN] Duplicate report rejected: REP-0393
2026-09-09 09:42:50 [WRN] Duplicate report rejected: REP-0394
2026-09-09 09:42:50 [WRN] Duplicate report rejected: REP-0395
2026-09-09 09:42:50 [WRN] Duplicate report rejected: REP-0396
2026-09-09 09:42:50 [WRN] Duplicate report rejected: REP-0397
2026-09-09 09:42:50 [WRN] Duplicate report rejected: REP-0398
2026-09-09 09:42:50 [WRN] Duplicate report rejected: REP-0399
2026-09-09 09:42:50 [WRN] Duplicate report rejected: REP-0400
2026-09-09 09:42:50 [WRN] Report REP-0401 rejected: message is missing
2026-09-09 09:42:50 [WRN] Report REP-0402 rejected: unit is missing
2026-09-09 09:42:50 [WRN] Report REP-0403 rejected: sourceType is missing
2026-09-09 09:42:50 [WRN] Report REP-0404 rejected: message is missing
2026-09-09 09:42:50 [WRN] Report REP-0405 rejected: theater is missing
2026-09-09 09:42:50 [WRN] Report rejected because the JSON is invalid: The JSON value could not be converted to System.Nullable`1[Consumer.Models.ReportType]. Path: $.reportType | LineNumber: 0 | BytePositionInLine: 188.
2026-09-09 09:42:50 [WRN] Report rejected because the JSON is invalid: The JSON value could not be converted to System.Nullable`1[System.DateTimeOffset]. Path: $.timestamp | LineNumber: 0 | BytePositionInLine: 36.
2026-09-09 09:42:50 [WRN] Report rejected because the JSON is invalid: The JSON value could not be converted to System.Nullable`1[System.DateTimeOffset]. Path: $.timestamp | LineNumber: 0 | BytePositionInLine: 33.
2026-09-09 09:42:50 [WRN] Report rejected because the JSON is invalid: The JSON value could not be converted to System.Nullable`1[Consumer.Models.ReportPriority]. Path: $.priority | LineNumber: 0 | BytePositionInLine: 212.
2026-09-09 09:42:50 [WRN] Report REP-0410 rejected: priority 'HIGH' is not allowed
2026-09-09 09:42:50 [WRN] Report rejected because the JSON is invalid: The JSON value could not be converted to System.Nullable`1[Consumer.Models.ReportType]. Path: $.reportType | LineNumber: 0 | BytePositionInLine: 194.
2026-09-09 09:42:50 [WRN] Report rejected because the JSON is invalid: The JSON value could not be converted to System.Nullable`1[Consumer.Models.ReportType]. Path: $.reportType | LineNumber: 0 | BytePositionInLine: 190.
2026-09-09 09:42:50 [WRN] Duplicate report rejected: REP-0413
2026-09-09 09:42:50 [WRN] Duplicate report rejected: REP-0414
2026-09-09 09:42:50 [WRN] Report REP-0415 rejected: subjectId and subjectType must appear together
2026-09-09 09:42:50 [WRN] Report REP-0416 rejected: subjectId and subjectType must appear together
2026-09-09 09:42:50 [WRN] Report REP-0417 rejected: subjectId and subjectType must appear together
2026-09-09 09:42:50 [WRN] Report REP-0418 rejected: subjectId and subjectType must appear together
2026-09-09 09:42:51 [WRN] Duplicate report rejected: REP-0419
2026-09-09 09:42:51 [WRN] Duplicate report rejected: REP-0420
2026-09-09 09:42:51 [WRN] Duplicate report rejected: REP-0001
2026-09-09 09:42:51 [WRN] Duplicate report rejected: REP-0002
2026-09-09 09:42:51 [WRN] Duplicate report rejected: REP-0003
2026-09-09 09:42:51 [WRN] Duplicate report rejected: REP-0004
2026-09-09 09:42:51 [WRN] Duplicate report rejected: REP-0005
2026-09-09 09:42:51 [WRN] Duplicate report rejected: REP-0006
2026-09-09 09:42:51 [WRN] Duplicate report rejected: REP-0007
2026-09-09 09:42:51 [WRN] Duplicate report rejected: REP-0008
2026-09-09 09:42:51 [WRN] Duplicate report rejected: REP-0009
2026-09-09 09:42:51 [WRN] Duplicate report rejected: REP-0010
2026-09-09 09:42:51 [WRN] Duplicate report rejected: REP-0011
2026-09-09 09:42:51 [WRN] Duplicate report rejected: REP-0012
2026-09-09 09:42:51 [WRN] Duplicate report rejected: REP-0013
2026-09-09 09:42:51 [WRN] Duplicate report rejected: REP-0014
2026-09-09 09:42:51 [WRN] Duplicate report rejected: REP-0015
2026-09-09 09:42:51 [WRN] Duplicate report rejected: REP-0016
2026-09-09 09:42:51 [WRN] Duplicate report rejected: REP-0017
2026-09-09 09:42:51 [WRN] Duplicate report rejected: REP-0018
2026-09-09 09:42:51 [WRN] Duplicate report rejected: REP-0019
2026-09-09 09:42:51 [WRN] Duplicate report rejected: REP-0020
2026-09-09 09:42:51 [WRN] Duplicate report rejected: REP-0021
2026-09-09 09:42:51 [WRN] Duplicate report rejected: REP-0022
2026-09-09 09:42:51 [WRN] Duplicate report rejected: REP-0023
2026-09-09 09:42:51 [WRN] Duplicate report rejected: REP-0024
2026-09-09 09:42:51 [WRN] Duplicate report rejected: REP-0025
2026-09-09 09:42:51 [WRN] Duplicate report rejected: REP-0026
2026-09-09 09:42:51 [WRN] Duplicate report rejected: REP-0027
2026-09-09 09:42:51 [WRN] Duplicate report rejected: REP-0028
2026-09-09 09:42:51 [WRN] Duplicate report rejected: REP-0029
2026-09-09 09:42:51 [WRN] Duplicate report rejected: REP-0030
2026-09-09 09:42:51 [WRN] Duplicate report rejected: REP-0031
2026-09-09 09:42:51 [WRN] Duplicate report rejected: REP-0032
2026-09-09 09:42:51 [WRN] Duplicate report rejected: REP-0033
2026-09-09 09:42:51 [WRN] Duplicate report rejected: REP-0034
2026-09-09 09:42:51 [WRN] Duplicate report rejected: REP-0035
2026-09-09 09:42:51 [WRN] Duplicate report rejected: REP-0036
2026-09-09 09:42:51 [WRN] Duplicate report rejected: REP-0037
2026-09-09 09:42:51 [WRN] Duplicate report rejected: REP-0038
2026-09-09 09:42:51 [WRN] Duplicate report rejected: REP-0039
2026-09-09 09:42:51 [WRN] Duplicate report rejected: REP-0040
2026-09-09 09:42:51 [WRN] Duplicate report rejected: REP-0041
2026-09-09 09:42:51 [WRN] Duplicate report rejected: REP-0042
2026-09-09 09:42:51 [WRN] Duplicate report rejected: REP-0043
2026-09-09 09:42:51 [WRN] Duplicate report rejected: REP-0044
2026-09-09 09:42:51 [WRN] Duplicate report rejected: REP-0045
2026-09-09 09:42:51 [WRN] Duplicate report rejected: REP-0046
2026-09-09 09:42:51 [WRN] Duplicate report rejected: REP-0047
2026-09-09 09:42:51 [WRN] Duplicate report rejected: REP-0048
2026-09-09 09:42:51 [WRN] Duplicate report rejected: REP-0049
2026-09-09 09:42:51 [WRN] Duplicate report rejected: REP-0050
2026-09-09 09:42:52 [WRN] Duplicate report rejected: REP-0051
2026-09-09 09:42:52 [WRN] Duplicate report rejected: REP-0052
2026-09-09 09:42:52 [WRN] Duplicate report rejected: REP-0053
2026-09-09 09:42:52 [WRN] Duplicate report rejected: REP-0054
2026-09-09 09:42:52 [WRN] Duplicate report rejected: REP-0055
2026-09-09 09:42:52 [WRN] Duplicate report rejected: REP-0056
2026-09-09 09:42:52 [WRN] Duplicate report rejected: REP-0057
2026-09-09 09:42:52 [WRN] Duplicate report rejected: REP-0058
2026-09-09 09:42:52 [WRN] Duplicate report rejected: REP-0059
2026-09-09 09:42:52 [WRN] Duplicate report rejected: REP-0060
2026-09-09 09:42:52 [WRN] Duplicate report rejected: REP-0061
2026-09-09 09:42:52 [WRN] Duplicate report rejected: REP-0062
2026-09-09 09:42:52 [WRN] Duplicate report rejected: REP-0063
2026-09-09 09:42:52 [WRN] Duplicate report rejected: REP-0064
2026-09-09 09:42:52 [WRN] Duplicate report rejected: REP-0065
2026-09-09 09:42:52 [WRN] Duplicate report rejected: REP-0066
2026-09-09 09:42:52 [WRN] Duplicate report rejected: REP-0067
2026-09-09 09:42:52 [WRN] Duplicate report rejected: REP-0068
2026-09-09 09:42:52 [WRN] Duplicate report rejected: REP-0069
2026-09-09 09:42:52 [WRN] Duplicate report rejected: REP-0070
2026-09-09 09:42:52 [WRN] Duplicate report rejected: REP-0071
2026-09-09 09:42:52 [WRN] Duplicate report rejected: REP-0072
2026-09-09 09:42:52 [WRN] Duplicate report rejected: REP-0073
2026-09-09 09:42:52 [WRN] Duplicate report rejected: REP-0074
2026-09-09 09:42:52 [WRN] Duplicate report rejected: REP-0075
2026-09-09 09:42:52 [WRN] Duplicate report rejected: REP-0076
2026-09-09 09:42:52 [WRN] Duplicate report rejected: REP-0077
2026-09-09 09:42:52 [WRN] Duplicate report rejected: REP-0078
2026-09-09 09:42:52 [WRN] Duplicate report rejected: REP-0079
2026-09-09 09:42:52 [WRN] Duplicate report rejected: REP-0080
2026-09-09 09:42:52 [WRN] Duplicate report rejected: REP-0081
2026-09-09 09:42:52 [WRN] Duplicate report rejected: REP-0082
2026-09-09 09:42:52 [WRN] Duplicate report rejected: REP-0083
2026-09-09 09:42:52 [WRN] Duplicate report rejected: REP-0084
2026-09-09 09:42:52 [WRN] Duplicate report rejected: REP-0085
2026-09-09 09:42:52 [WRN] Duplicate report rejected: REP-0086
2026-09-09 09:42:52 [WRN] Duplicate report rejected: REP-0087
2026-09-09 09:42:52 [WRN] Duplicate report rejected: REP-0088
2026-09-09 09:42:52 [WRN] Duplicate report rejected: REP-0089
2026-09-09 09:42:52 [WRN] Duplicate report rejected: REP-0090
2026-09-09 09:42:52 [WRN] Duplicate report rejected: REP-0091
2026-09-09 09:42:52 [WRN] Duplicate report rejected: REP-0092
2026-09-09 09:42:52 [WRN] Duplicate report rejected: REP-0093
2026-09-09 09:42:52 [WRN] Duplicate report rejected: REP-0094
2026-09-09 09:42:52 [WRN] Duplicate report rejected: REP-0095
2026-09-09 09:42:52 [WRN] Duplicate report rejected: REP-0096
2026-09-09 09:42:52 [WRN] Duplicate report rejected: REP-0097
2026-09-09 09:42:52 [WRN] Duplicate report rejected: REP-0098
2026-09-09 09:42:52 [WRN] Duplicate report rejected: REP-0099
2026-09-09 09:42:52 [WRN] Duplicate report rejected: REP-0100
2026-09-09 09:42:52 [WRN] Duplicate report rejected: REP-0101
2026-09-09 09:42:52 [WRN] Duplicate report rejected: REP-0102
2026-09-09 09:42:52 [WRN] Duplicate report rejected: REP-0103
2026-09-09 09:42:52 [WRN] Duplicate report rejected: REP-0104
2026-09-09 09:42:53 [WRN] Duplicate report rejected: REP-0105
2026-09-09 09:42:53 [WRN] Duplicate report rejected: REP-0106
2026-09-09 09:42:53 [WRN] Duplicate report rejected: REP-0107
2026-09-09 09:42:53 [WRN] Duplicate report rejected: REP-0108
2026-09-09 09:42:53 [WRN] Duplicate report rejected: REP-0109
2026-09-09 09:42:53 [WRN] Duplicate report rejected: REP-0110
2026-09-09 09:42:53 [WRN] Duplicate report rejected: REP-0111
2026-09-09 09:42:53 [WRN] Duplicate report rejected: REP-0112
2026-09-09 09:42:53 [WRN] Duplicate report rejected: REP-0113
2026-09-09 09:42:53 [WRN] Duplicate report rejected: REP-0114
2026-09-09 09:42:53 [WRN] Duplicate report rejected: REP-0115
2026-09-09 09:42:53 [WRN] Duplicate report rejected: REP-0116
2026-09-09 09:42:53 [WRN] Duplicate report rejected: REP-0117
2026-09-09 09:42:53 [WRN] Duplicate report rejected: REP-0118
2026-09-09 09:42:53 [WRN] Duplicate report rejected: REP-0119
2026-09-09 09:42:53 [WRN] Duplicate report rejected: REP-0120
2026-09-09 09:42:53 [WRN] Duplicate report rejected: REP-0121
2026-09-09 09:42:53 [WRN] Duplicate report rejected: REP-0122
2026-09-09 09:42:53 [WRN] Duplicate report rejected: REP-0123
2026-09-09 09:42:53 [WRN] Duplicate report rejected: REP-0124
2026-09-09 09:42:53 [WRN] Duplicate report rejected: REP-0125
2026-09-09 09:42:53 [WRN] Duplicate report rejected: REP-0126
2026-09-09 09:42:53 [WRN] Duplicate report rejected: REP-0127
2026-09-09 09:42:53 [WRN] Duplicate report rejected: REP-0128
2026-09-09 09:42:53 [WRN] Duplicate report rejected: REP-0129
2026-09-09 09:42:53 [WRN] Duplicate report rejected: REP-0130
2026-09-09 09:42:53 [WRN] Duplicate report rejected: REP-0131
2026-09-09 09:42:53 [WRN] Duplicate report rejected: REP-0132
2026-09-09 09:42:53 [WRN] Duplicate report rejected: REP-0133
2026-09-09 09:42:53 [WRN] Duplicate report rejected: REP-0134
2026-09-09 09:42:53 [WRN] Duplicate report rejected: REP-0135
2026-09-09 09:42:53 [WRN] Duplicate report rejected: REP-0136
2026-09-09 09:42:53 [WRN] Duplicate report rejected: REP-0137
2026-09-09 09:42:53 [WRN] Duplicate report rejected: REP-0138
2026-09-09 09:42:53 [WRN] Duplicate report rejected: REP-0139
2026-09-09 09:42:53 [WRN] Duplicate report rejected: REP-0140
2026-09-09 09:42:53 [WRN] Duplicate report rejected: REP-0141
2026-09-09 09:42:53 [WRN] Duplicate report rejected: REP-0142
2026-09-09 09:42:53 [WRN] Duplicate report rejected: REP-0143
2026-09-09 09:42:53 [WRN] Duplicate report rejected: REP-0144
2026-09-09 09:42:53 [WRN] Duplicate report rejected: REP-0145
2026-09-09 09:42:53 [WRN] Duplicate report rejected: REP-0146
2026-09-09 09:42:53 [WRN] Duplicate report rejected: REP-0147
2026-09-09 09:42:53 [WRN] Duplicate report rejected: REP-0148
2026-09-09 09:42:53 [WRN] Duplicate report rejected: REP-0149
2026-09-09 09:42:53 [WRN] Duplicate report rejected: REP-0150
2026-09-09 09:42:53 [WRN] Duplicate report rejected: REP-0151
2026-09-09 09:42:53 [WRN] Duplicate report rejected: REP-0152
2026-09-09 09:42:54 [WRN] Duplicate report rejected: REP-0153
2026-09-09 09:42:54 [WRN] Duplicate report rejected: REP-0154
2026-09-09 09:42:54 [WRN] Duplicate report rejected: REP-0155
2026-09-09 09:42:54 [WRN] Duplicate report rejected: REP-0156
2026-09-09 09:42:54 [WRN] Duplicate report rejected: REP-0157
2026-09-09 09:42:54 [WRN] Duplicate report rejected: REP-0158
2026-09-09 09:42:54 [WRN] Duplicate report rejected: REP-0159
2026-09-09 09:42:54 [WRN] Duplicate report rejected: REP-0160
2026-09-09 09:42:54 [WRN] Duplicate report rejected: REP-0161
2026-09-09 09:42:54 [WRN] Duplicate report rejected: REP-0162
2026-09-09 09:42:54 [WRN] Duplicate report rejected: REP-0163
2026-09-09 09:42:54 [WRN] Duplicate report rejected: REP-0164
2026-09-09 09:42:54 [WRN] Duplicate report rejected: REP-0165
2026-09-09 09:42:54 [WRN] Duplicate report rejected: REP-0166
2026-09-09 09:42:54 [WRN] Duplicate report rejected: REP-0167
2026-09-09 09:42:54 [WRN] Duplicate report rejected: REP-0168
2026-09-09 09:42:54 [WRN] Duplicate report rejected: REP-0169
2026-09-09 09:42:54 [WRN] Duplicate report rejected: REP-0170
2026-09-09 09:42:54 [WRN] Duplicate report rejected: REP-0171
2026-09-09 09:42:54 [WRN] Duplicate report rejected: REP-0172
2026-09-09 09:42:54 [WRN] Duplicate report rejected: REP-0173
2026-09-09 09:42:54 [WRN] Duplicate report rejected: REP-0174
2026-09-09 09:42:54 [WRN] Duplicate report rejected: REP-0175
2026-09-09 09:42:54 [WRN] Duplicate report rejected: REP-0176
2026-09-09 09:42:54 [WRN] Duplicate report rejected: REP-0177
2026-09-09 09:42:54 [WRN] Duplicate report rejected: REP-0178
2026-09-09 09:42:54 [WRN] Duplicate report rejected: REP-0179
2026-09-09 09:42:54 [WRN] Duplicate report rejected: REP-0180
2026-09-09 09:42:54 [WRN] Duplicate report rejected: REP-0181
2026-09-09 09:42:54 [WRN] Duplicate report rejected: REP-0182
2026-09-09 09:42:54 [WRN] Duplicate report rejected: REP-0183
2026-09-09 09:42:54 [WRN] Duplicate report rejected: REP-0184
2026-09-09 09:42:54 [WRN] Duplicate report rejected: REP-0185
2026-09-09 09:42:54 [WRN] Duplicate report rejected: REP-0186
2026-09-09 09:42:54 [WRN] Duplicate report rejected: REP-0187
2026-09-09 09:42:54 [WRN] Duplicate report rejected: REP-0188
2026-09-09 09:42:54 [WRN] Duplicate report rejected: REP-0189
2026-09-09 09:42:54 [WRN] Duplicate report rejected: REP-0190
2026-09-09 09:42:54 [WRN] Duplicate report rejected: REP-0191
2026-09-09 09:42:54 [WRN] Duplicate report rejected: REP-0192
2026-09-09 09:42:54 [WRN] Duplicate report rejected: REP-0193
2026-09-09 09:42:54 [WRN] Duplicate report rejected: REP-0194
2026-09-09 09:42:54 [WRN] Duplicate report rejected: REP-0195
2026-09-09 09:42:55 [WRN] Duplicate report rejected: REP-0196
2026-09-09 09:42:55 [WRN] Duplicate report rejected: REP-0197
2026-09-09 09:42:55 [WRN] Duplicate report rejected: REP-0198
2026-09-09 09:42:55 [WRN] Duplicate report rejected: REP-0199
2026-09-09 09:42:55 [WRN] Duplicate report rejected: REP-0200
2026-09-09 09:42:55 [WRN] Duplicate report rejected: REP-0201
2026-09-09 09:42:55 [WRN] Duplicate report rejected: REP-0202
2026-09-09 09:42:55 [WRN] Duplicate report rejected: REP-0203
2026-09-09 09:42:55 [WRN] Duplicate report rejected: REP-0204
2026-09-09 09:42:55 [WRN] Duplicate report rejected: REP-0205
2026-09-09 09:42:55 [WRN] Duplicate report rejected: REP-0206
2026-09-09 09:42:55 [WRN] Duplicate report rejected: REP-0207
2026-09-09 09:42:55 [WRN] Duplicate report rejected: REP-0208
2026-09-09 09:42:55 [WRN] Duplicate report rejected: REP-0209
2026-09-09 09:42:55 [WRN] Duplicate report rejected: REP-0210
2026-09-09 09:42:55 [WRN] Duplicate report rejected: REP-0211
2026-09-09 09:42:55 [WRN] Duplicate report rejected: REP-0212
2026-09-09 09:42:55 [WRN] Duplicate report rejected: REP-0213
2026-09-09 09:42:55 [WRN] Duplicate report rejected: REP-0214
2026-09-09 09:42:55 [WRN] Duplicate report rejected: REP-0215
2026-09-09 09:42:55 [WRN] Duplicate report rejected: REP-0216
2026-09-09 09:42:55 [WRN] Duplicate report rejected: REP-0217
2026-09-09 09:42:55 [WRN] Duplicate report rejected: REP-0218
2026-09-09 09:42:55 [WRN] Duplicate report rejected: REP-0219
2026-09-09 09:42:55 [WRN] Duplicate report rejected: REP-0220
2026-09-09 09:42:55 [WRN] Duplicate report rejected: REP-0221
2026-09-09 09:42:55 [WRN] Duplicate report rejected: REP-0222
2026-09-09 09:42:55 [WRN] Duplicate report rejected: REP-0223
2026-09-09 09:42:55 [WRN] Duplicate report rejected: REP-0224
2026-09-09 09:42:55 [WRN] Duplicate report rejected: REP-0225
2026-09-09 09:42:55 [WRN] Duplicate report rejected: REP-0226
2026-09-09 09:42:55 [WRN] Duplicate report rejected: REP-0227
2026-09-09 09:42:55 [WRN] Duplicate report rejected: REP-0228
2026-09-09 09:42:55 [WRN] Duplicate report rejected: REP-0229
2026-09-09 09:42:55 [WRN] Duplicate report rejected: REP-0230
2026-09-09 09:42:55 [WRN] Duplicate report rejected: REP-0231
2026-09-09 09:42:55 [WRN] Duplicate report rejected: REP-0232
2026-09-09 09:42:55 [WRN] Duplicate report rejected: REP-0233
2026-09-09 09:42:55 [WRN] Duplicate report rejected: REP-0234
2026-09-09 09:42:55 [WRN] Duplicate report rejected: REP-0235
2026-09-09 09:42:55 [WRN] Duplicate report rejected: REP-0236
2026-09-09 09:42:55 [WRN] Duplicate report rejected: REP-0237
2026-09-09 09:42:55 [WRN] Duplicate report rejected: REP-0238
2026-09-09 09:42:56 [WRN] Duplicate report rejected: REP-0239
2026-09-09 09:42:56 [WRN] Duplicate report rejected: REP-0240
2026-09-09 09:42:56 [WRN] Duplicate report rejected: REP-0241
2026-09-09 09:42:56 [WRN] Duplicate report rejected: REP-0242
2026-09-09 09:42:56 [WRN] Duplicate report rejected: REP-0243
2026-09-09 09:42:56 [WRN] Duplicate report rejected: REP-0244
2026-09-09 09:42:56 [WRN] Duplicate report rejected: REP-0245
2026-09-09 09:42:56 [WRN] Duplicate report rejected: REP-0246
2026-09-09 09:42:56 [WRN] Duplicate report rejected: REP-0247
2026-09-09 09:42:56 [WRN] Duplicate report rejected: REP-0248
2026-09-09 09:42:56 [WRN] Duplicate report rejected: REP-0249
2026-09-09 09:42:56 [WRN] Duplicate report rejected: REP-0250
2026-09-09 09:42:56 [WRN] Duplicate report rejected: REP-0251
2026-09-09 09:42:56 [WRN] Duplicate report rejected: REP-0252
2026-09-09 09:42:56 [WRN] Duplicate report rejected: REP-0253
2026-09-09 09:42:56 [WRN] Duplicate report rejected: REP-0254
2026-09-09 09:42:56 [WRN] Duplicate report rejected: REP-0255
2026-09-09 09:42:56 [WRN] Duplicate report rejected: REP-0256
2026-09-09 09:42:56 [WRN] Duplicate report rejected: REP-0257
2026-09-09 09:42:56 [WRN] Duplicate report rejected: REP-0258
2026-09-09 09:42:56 [WRN] Duplicate report rejected: REP-0259
2026-09-09 09:42:56 [WRN] Duplicate report rejected: REP-0260
2026-09-09 09:42:56 [WRN] Duplicate report rejected: REP-0261
2026-09-09 09:42:56 [WRN] Duplicate report rejected: REP-0262
2026-09-09 09:42:56 [WRN] Duplicate report rejected: REP-0263
2026-09-09 09:42:56 [WRN] Duplicate report rejected: REP-0264
2026-09-09 09:42:56 [WRN] Duplicate report rejected: REP-0265
2026-09-09 09:42:56 [WRN] Duplicate report rejected: REP-0266
2026-09-09 09:42:56 [WRN] Duplicate report rejected: REP-0267
2026-09-09 09:42:56 [WRN] Duplicate report rejected: REP-0268
2026-09-09 09:42:56 [WRN] Duplicate report rejected: REP-0269
2026-09-09 09:42:56 [WRN] Duplicate report rejected: REP-0270
2026-09-09 09:42:56 [WRN] Duplicate report rejected: REP-0271
2026-09-09 09:42:56 [WRN] Duplicate report rejected: REP-0272
2026-09-09 09:42:56 [WRN] Duplicate report rejected: REP-0273
2026-09-09 09:42:56 [WRN] Duplicate report rejected: REP-0274
2026-09-09 09:42:56 [WRN] Duplicate report rejected: REP-0275
2026-09-09 09:42:56 [WRN] Duplicate report rejected: REP-0276
2026-09-09 09:42:56 [WRN] Duplicate report rejected: REP-0277
2026-09-09 09:42:56 [WRN] Duplicate report rejected: REP-0278
2026-09-09 09:42:56 [WRN] Duplicate report rejected: REP-0279
2026-09-09 09:42:56 [WRN] Duplicate report rejected: REP-0280
2026-09-09 09:42:56 [WRN] Duplicate report rejected: REP-0281
2026-09-09 09:42:56 [WRN] Duplicate report rejected: REP-0282
2026-09-09 09:42:56 [WRN] Duplicate report rejected: REP-0283
2026-09-09 09:42:56 [WRN] Duplicate report rejected: REP-0284
2026-09-09 09:42:56 [WRN] Duplicate report rejected: REP-0285
2026-09-09 09:42:56 [WRN] Duplicate report rejected: REP-0286
2026-09-09 09:42:56 [WRN] Duplicate report rejected: REP-0287
2026-09-09 09:42:57 [WRN] Duplicate report rejected: REP-0288
2026-09-09 09:42:57 [WRN] Duplicate report rejected: REP-0289
2026-09-09 09:42:57 [WRN] Duplicate report rejected: REP-0290
2026-09-09 09:42:57 [WRN] Duplicate report rejected: REP-0291
2026-09-09 09:42:57 [WRN] Duplicate report rejected: REP-0292
2026-09-09 09:42:57 [WRN] Duplicate report rejected: REP-0293
2026-09-09 09:42:57 [WRN] Duplicate report rejected: REP-0294
2026-09-09 09:42:57 [WRN] Duplicate report rejected: REP-0295
2026-09-09 09:42:57 [WRN] Duplicate report rejected: REP-0296
2026-09-09 09:42:57 [WRN] Duplicate report rejected: REP-0297
2026-09-09 09:42:57 [WRN] Duplicate report rejected: REP-0298
2026-09-09 09:42:57 [WRN] Duplicate report rejected: REP-0299
2026-09-09 09:42:57 [WRN] Duplicate report rejected: REP-0300
2026-09-09 09:42:57 [WRN] Duplicate report rejected: REP-0301
2026-09-09 09:42:57 [WRN] Duplicate report rejected: REP-0302
2026-09-09 09:42:57 [WRN] Duplicate report rejected: REP-0303
2026-09-09 09:42:57 [WRN] Duplicate report rejected: REP-0304
2026-09-09 09:42:57 [WRN] Duplicate report rejected: REP-0305
2026-09-09 09:42:57 [WRN] Duplicate report rejected: REP-0306
2026-09-09 09:42:57 [WRN] Duplicate report rejected: REP-0307
2026-09-09 09:42:57 [WRN] Duplicate report rejected: REP-0308
2026-09-09 09:42:57 [WRN] Duplicate report rejected: REP-0309
2026-09-09 09:42:57 [WRN] Duplicate report rejected: REP-0310
2026-09-09 09:42:57 [WRN] Duplicate report rejected: REP-0311
2026-09-09 09:42:57 [WRN] Duplicate report rejected: REP-0312
2026-09-09 09:42:57 [WRN] Duplicate report rejected: REP-0313
2026-09-09 09:42:57 [WRN] Duplicate report rejected: REP-0314
2026-09-09 09:42:57 [WRN] Duplicate report rejected: REP-0315
2026-09-09 09:42:57 [WRN] Duplicate report rejected: REP-0316
2026-09-09 09:42:57 [WRN] Duplicate report rejected: REP-0317
2026-09-09 09:42:57 [WRN] Duplicate report rejected: REP-0318
2026-09-09 09:42:57 [WRN] Duplicate report rejected: REP-0319
2026-09-09 09:42:57 [WRN] Duplicate report rejected: REP-0320
2026-09-09 09:42:57 [WRN] Duplicate report rejected: REP-0321
2026-09-09 09:42:57 [WRN] Duplicate report rejected: REP-0322
2026-09-09 09:42:57 [WRN] Duplicate report rejected: REP-0323
2026-09-09 09:42:57 [WRN] Duplicate report rejected: REP-0324
2026-09-09 09:42:57 [WRN] Duplicate report rejected: REP-0325
2026-09-09 09:42:57 [WRN] Duplicate report rejected: REP-0326
2026-09-09 09:42:57 [WRN] Duplicate report rejected: REP-0327
2026-09-09 09:42:57 [WRN] Duplicate report rejected: REP-0328
2026-09-09 09:42:57 [WRN] Duplicate report rejected: REP-0329
2026-09-09 09:42:57 [WRN] Duplicate report rejected: REP-0330
2026-09-09 09:42:57 [WRN] Duplicate report rejected: REP-0331
2026-09-09 09:42:57 [WRN] Duplicate report rejected: REP-0332
2026-09-09 09:42:57 [WRN] Duplicate report rejected: REP-0333
2026-09-09 09:42:58 [WRN] Duplicate report rejected: REP-0334
2026-09-09 09:42:58 [WRN] Duplicate report rejected: REP-0335
2026-09-09 09:42:58 [WRN] Duplicate report rejected: REP-0336
2026-09-09 09:42:58 [WRN] Duplicate report rejected: REP-0337
2026-09-09 09:42:58 [WRN] Duplicate report rejected: REP-0338
2026-09-09 09:42:58 [WRN] Duplicate report rejected: REP-0339
2026-09-09 09:42:58 [WRN] Duplicate report rejected: REP-0340
2026-09-09 09:42:58 [WRN] Duplicate report rejected: REP-0341
2026-09-09 09:42:58 [WRN] Duplicate report rejected: REP-0342
2026-09-09 09:42:58 [WRN] Duplicate report rejected: REP-0343
2026-09-09 09:42:58 [WRN] Duplicate report rejected: REP-0344
2026-09-09 09:42:58 [WRN] Duplicate report rejected: REP-0345
2026-09-09 09:42:58 [WRN] Duplicate report rejected: REP-0346
2026-09-09 09:42:58 [WRN] Duplicate report rejected: REP-0347
2026-09-09 09:42:58 [WRN] Duplicate report rejected: REP-0348
2026-09-09 09:42:58 [WRN] Duplicate report rejected: REP-0349
2026-09-09 09:42:58 [WRN] Duplicate report rejected: REP-0350
2026-09-09 09:42:58 [WRN] Duplicate report rejected: REP-0351
2026-09-09 09:42:58 [WRN] Duplicate report rejected: REP-0352
2026-09-09 09:42:58 [WRN] Duplicate report rejected: REP-0353
2026-09-09 09:42:58 [WRN] Duplicate report rejected: REP-0354
2026-09-09 09:42:58 [WRN] Duplicate report rejected: REP-0355
2026-09-09 09:42:58 [WRN] Duplicate report rejected: REP-0356
2026-09-09 09:42:58 [WRN] Duplicate report rejected: REP-0357
2026-09-09 09:42:58 [WRN] Duplicate report rejected: REP-0358
2026-09-09 09:42:58 [WRN] Duplicate report rejected: REP-0359
2026-09-09 09:42:58 [WRN] Duplicate report rejected: REP-0360
2026-09-09 09:42:58 [WRN] Duplicate report rejected: REP-0361
2026-09-09 09:42:58 [WRN] Duplicate report rejected: REP-0362
2026-09-09 09:42:58 [WRN] Duplicate report rejected: REP-0363
2026-09-09 09:42:58 [WRN] Duplicate report rejected: REP-0364
2026-09-09 09:42:58 [WRN] Duplicate report rejected: REP-0365
2026-09-09 09:42:58 [WRN] Duplicate report rejected: REP-0366
2026-09-09 09:42:58 [WRN] Duplicate report rejected: REP-0367
2026-09-09 09:42:58 [WRN] Duplicate report rejected: REP-0368
2026-09-09 09:42:58 [WRN] Duplicate report rejected: REP-0369
2026-09-09 09:42:58 [WRN] Duplicate report rejected: REP-0370
2026-09-09 09:42:58 [WRN] Duplicate report rejected: REP-0371
2026-09-09 09:42:58 [WRN] Duplicate report rejected: REP-0372
2026-09-09 09:42:58 [WRN] Duplicate report rejected: REP-0373
2026-09-09 09:42:58 [WRN] Duplicate report rejected: REP-0374
2026-09-09 09:42:58 [WRN] Duplicate report rejected: REP-0375
2026-09-09 09:42:58 [WRN] Duplicate report rejected: REP-0376
2026-09-09 09:42:58 [WRN] Duplicate report rejected: REP-0377
2026-09-09 09:42:58 [WRN] Duplicate report rejected: REP-0378
2026-09-09 09:42:58 [WRN] Duplicate report rejected: REP-0379
2026-09-09 09:42:58 [WRN] Duplicate report rejected: REP-0380
2026-09-09 09:42:59 [WRN] Duplicate report rejected: REP-0381
2026-09-09 09:42:59 [WRN] Duplicate report rejected: REP-0382
2026-09-09 09:42:59 [WRN] Duplicate report rejected: REP-0383
2026-09-09 09:42:59 [WRN] Duplicate report rejected: REP-0384
2026-09-09 09:42:59 [WRN] Duplicate report rejected: REP-0385
2026-09-09 09:42:59 [WRN] Duplicate report rejected: REP-0386
2026-09-09 09:42:59 [WRN] Duplicate report rejected: REP-0387
2026-09-09 09:42:59 [WRN] Duplicate report rejected: REP-0388
2026-09-09 09:42:59 [WRN] Duplicate report rejected: REP-0389
2026-09-09 09:42:59 [WRN] Duplicate report rejected: REP-0390
2026-09-09 09:42:59 [WRN] Duplicate report rejected: REP-0391
2026-09-09 09:42:59 [WRN] Duplicate report rejected: REP-0392
2026-09-09 09:42:59 [WRN] Duplicate report rejected: REP-0393
2026-09-09 09:42:59 [WRN] Duplicate report rejected: REP-0394
2026-09-09 09:42:59 [WRN] Duplicate report rejected: REP-0395
2026-09-09 09:42:59 [WRN] Duplicate report rejected: REP-0396
2026-09-09 09:42:59 [WRN] Duplicate report rejected: REP-0397
2026-09-09 09:42:59 [WRN] Duplicate report rejected: REP-0398
2026-09-09 09:42:59 [WRN] Duplicate report rejected: REP-0399
2026-09-09 09:42:59 [WRN] Duplicate report rejected: REP-0400
2026-09-09 09:42:59 [WRN] Report REP-0401 rejected: message is missing
2026-09-09 09:42:59 [WRN] Report REP-0402 rejected: unit is missing
2026-09-09 09:42:59 [WRN] Report REP-0403 rejected: sourceType is missing
2026-09-09 09:42:59 [WRN] Report REP-0404 rejected: message is missing
2026-09-09 09:42:59 [WRN] Report REP-0405 rejected: theater is missing
2026-09-09 09:42:59 [WRN] Report rejected because the JSON is invalid: The JSON value could not be converted to System.Nullable`1[Consumer.Models.ReportType]. Path: $.reportType | LineNumber: 0 | BytePositionInLine: 188.
2026-09-09 09:42:59 [WRN] Report rejected because the JSON is invalid: The JSON value could not be converted to System.Nullable`1[System.DateTimeOffset]. Path: $.timestamp | LineNumber: 0 | BytePositionInLine: 36.
2026-09-09 09:42:59 [WRN] Report rejected because the JSON is invalid: The JSON value could not be converted to System.Nullable`1[System.DateTimeOffset]. Path: $.timestamp | LineNumber: 0 | BytePositionInLine: 33.
2026-09-09 09:42:59 [WRN] Report rejected because the JSON is invalid: The JSON value could not be converted to System.Nullable`1[Consumer.Models.ReportPriority]. Path: $.priority | LineNumber: 0 | BytePositionInLine: 212.
2026-09-09 09:42:59 [WRN] Report REP-0410 rejected: priority 'HIGH' is not allowed
2026-09-09 09:42:59 [WRN] Report rejected because the JSON is invalid: The JSON value could not be converted to System.Nullable`1[Consumer.Models.ReportType]. Path: $.reportType | LineNumber: 0 | BytePositionInLine: 194.
2026-09-09 09:42:59 [WRN] Report rejected because the JSON is invalid: The JSON value could not be converted to System.Nullable`1[Consumer.Models.ReportType]. Path: $.reportType | LineNumber: 0 | BytePositionInLine: 190.
2026-09-09 09:42:59 [WRN] Duplicate report rejected: REP-0413
2026-09-09 09:42:59 [WRN] Duplicate report rejected: REP-0414
2026-09-09 09:42:59 [WRN] Report REP-0415 rejected: subjectId and subjectType must appear together
2026-09-09 09:42:59 [WRN] Report REP-0416 rejected: subjectId and subjectType must appear together
2026-09-09 09:42:59 [WRN] Report REP-0417 rejected: subjectId and subjectType must appear together
2026-09-09 09:42:59 [WRN] Report REP-0418 rejected: subjectId and subjectType must appear together
2026-09-09 09:42:59 [WRN] Duplicate report rejected: REP-0419
2026-09-09 09:42:59 [WRN] Duplicate report rejected: REP-0420
